intent: Build an event RSVP page. The guest gives their name, an email address, how many people they are bringing, and whether they need a vegetarian meal. The page checks the answers, keeps the confirm/submit action unavailable until everything given is acceptable, tells the guest clearly what is wrong with any individual field in a way that someone using a screen reader would also hear, and on a good submission replaces the form with a confirmation that repeats back what they chose.

  [tool ->] git  {'args': ['status', '--porcelain=v1']}
  [tool <-] git
  [tool ->] bash  {'command': 'dir', 'timeout_seconds': 120}
  [tool <-] bash
  [tool ->] bash  {'command': 'if exist DESIGN.md (type DESIGN.md) else (echo NO_DESIGN_MD)', 'timeout_seconds': 120}
  [tool <-] bash
  [tool ->] bash  {'command': 'dir docs', 'timeout_seconds': 120}
  [tool <-] bash
  [tool ->] bash  {'command': 'dir docs\\exec-plans', 'timeout_seconds': 120}
  [tool <-] bash
  [tool ->] bash  {'command': 'dir docs\\exec-plans\\active', 'timeout_seconds': 120}
  [tool <-] bash
  [tool ->] read_file  {'path': 'docs/exec-plans/active/run-rsvp.md', 'limit': 2000}
  [tool <-] read_file
  [tool ->] read_file  {'path': 'docs/exec-plans/active/run-rsvp.json', 'limit': 2000}
  [tool <-] read_file
  [tool ->] skill  {'name': 'spec-to-working-app'}
  [tool <-] skill
  [tool ->] skill  {'name': 'forms-and-validation'}
  [tool <-] skill
  [tool ->] skill  {'name': 'unit-testing-with-node-test'}
  [tool <-] skill
  [tool ->] skill  {'name': 'playwright-e2e-authoring'}
  [tool <-] skill
  [tool ->] skill  {'name': 'web-first-assertions'}
  [tool <-] skill
  [tool ->] write_file  {'path': 'index.html', 'content': '<!doctype html>\n<html lang="en">\n  <head>\n    <meta charset="utf-8" />\n    <meta name="viewport" content="width=device-width, initial-scale=1" />\n    <title>Event RSVP</title>\n    <style>\n      :root {\n        --bg: #0b1020;\n        --surface: #121a33;\n        --text: #f2f5ff;\n        --muted: #c6cbe0;\n        --border: #2a3563;\n        --danger: #ff5c7a;\n        --focus: #9cd3ff;\n        --primary: #7aa2ff;\n        --primaryText: #0b1020;\n    ...
  [tool <-] write_file
  [tool ->] write_file  {'path': 'src/validation.js', 'content': "const EMAIL_RE = /^[^\\s@]+@[^\\s@]+\\.[^\\s@]{2,}$/i;\n\nexport const MAX_ATTENDEES = 10;\n\nexport function validateName(raw) {\n  const value = String(raw ?? '').trim();\n  if (!value) return 'Please enter your name.';\n  if (value.length < 2) return 'Name must be at least 2 characters.';\n  return null;\n}\n\nexport function validateEmail(raw) {\n  const value = String(raw ?? '').trim();\n  if (!value) return 'Please enter your email address.';\n  if...
  [tool <-] write_file
  [tool ->] write_file  {'path': 'src/app.js', 'content': 'import { validateAll, normalizeSubmission, MAX_ATTENDEES } from \'./validation.js\';\n\nconst appEl = document.getElementById(\'app\');\n\nconst initialState = {\n  status: \'editing\', // editing | confirmed\n  values: {\n    name: \'\',\n    email: \'\',\n    attendees: \'\',\n    vegetarian: \'\',\n  },\n  touched: {\n    name: false,\n    email: false,\n    attendees: false,\n    vegetarian: false,\n  },\n  submitted: null,\n};\n\nlet state = structuredClon...
  [tool <-] write_file
  [tool ->] write_file  {'path': 'tests/validation.test.js', 'content': "import { test } from 'node:test';\nimport assert from 'node:assert/strict';\nimport {\n  MAX_ATTENDEES,\n  validateName,\n  validateEmail,\n  validateAttendees,\n  validateVegetarian,\n  validateAll,\n  normalizeSubmission,\n} from '../src/validation.js';\n\ntest('validateName requires at least 2 non-whitespace characters', () => {\n  assert.equal(validateName(''), 'Please enter your name.');\n  assert.equal(validateName('  '), 'Please enter your ...
  [tool <-] write_file
  [tool ->] write_file  {'path': 'playwright.config.js', 'content': "import { defineConfig } from '@playwright/test';\n\nexport default defineConfig({\n  testDir: './e2e',\n  use: {\n    baseURL: 'http://127.0.0.1:4173',\n  },\n  webServer: {\n    command: 'python -m http.server 4173',\n    url: 'http://127.0.0.1:4173',\n    reuseExistingServer: true,\n  },\n});\n"}
  [tool <-] write_file
  [tool ->] write_file  {'path': 'e2e/rsvp.spec.js', 'content': "import { test, expect } from '@playwright/test';\n\ntest('RSVP form enables submit when valid and shows a confirmation view', async ({ page }) => {\n  await page.goto('/');\n\n  const submit = page.getByRole('button', { name: 'Confirm RSVP' });\n  await expect(submit).toBeDisabled();\n\n  await page.getByLabel('Guest name').fill('Ada Lovelace');\n  await expect(submit).toBeDisabled();\n\n  await page.getByLabel('Email address').fill('ada@example.com');\n ...
  [tool <-] write_file
  [tool ->] write_file  {'path': 'package.json', 'content': '{\n  "name": "run-rsvp",\n  "private": true,\n  "type": "module",\n  "scripts": {\n    "test": "node --test",\n    "e2e": "playwright test"\n  },\n  "devDependencies": {\n    "@playwright/test": "^1.55.0"\n  }\n}\n'}
  [tool <-] write_file
  [tool ->] bash  {'command': 'npm install', 'timeout_seconds': 600}
  [tool <-] bash
  [tool ->] bash  {'command': 'mkdir test_evidence 2>nul', 'timeout_seconds': 120}
  [tool <-] bash
  [tool ->] bash  {'command': 'npm test > test_evidence\\unit.txt 2>&1', 'timeout_seconds': 600}
  [tool <-] bash
  [tool ->] bash  {'command': 'npx playwright test > test_evidence\\e2e.txt 2>&1', 'timeout_seconds': 600}
  [tool <-] bash
  [tool ->] write_file  {'path': 'test_evidence/summary.md', 'content': '# Sprint 1 — RSVP page (buildless)\n\n## What I built\n\nA dependency-light, buildless RSVP page served as static files (`index.html` + ES modules under `src/`).\n\nThe page renders an RSVP form that collects:\n- Guest name\n- Email address\n- Number of attendees (1–10)\n- Vegetarian meal needed? (Yes/No radio group)\n\nAs the user fills the form, the **Confirm RSVP** button stays disabled until every field is valid. On a valid submit, the form is...
  [tool <-] write_file
  [tool ->] spawn_subagent  {'name': 'code_reviewer', 'prompt': 'Review the RSVP implementation for correctness vs acceptance criteria, accessibility-by-construction (labels, aria-invalid, aria-describedby), focus management (first invalid on submit), maintainability, and whether tests genuinely prove behavior. Return PASS/FAIL with blocker/major/minor issues.'}
  [tool ->] test_evidence  {}
  [tool <-] test_evidence
  [tool ->] read_file  {'path': 'index.html'}
  [tool <-] read_file
  [tool ->] read_file  {'path': 'app.js'}
  [tool <-] read_file (ERROR)
  [tool ->] read_file  {'path': 'tests/rsvp.test.js'}
  [tool <-] read_file (ERROR)
  [tool ->] read_file  {'path': 'e2e/rsvp.spec.js'}
  [tool <-] read_file
  [tool ->] read_file  {'path': 'test_evidence/summary.md'}
  [tool <-] read_file
  [tool ->] read_file  {'path': 'test_evidence/unit.txt'}
  [tool <-] read_file
  [tool ->] read_file  {'path': 'test_evidence/e2e.txt'}
  [tool <-] read_file
  [tool ->] read_file  {'path': 'src/app.js'}
  [tool <-] read_file
  [tool ->] read_file  {'path': 'src/validation.js'}
  [tool <-] read_file
  [tool ->] read_file  {'path': 'tests/validation.test.js'}
  [tool <-] read_file
  [tool ->] read_file  {'path': 'src/app.js', 'offset': 0, 'limit': 260}
  [tool <-] read_file
  [tool ->] read_file  {'path': '20260705-110525-read_file-a70cfb2b654b.txt', 'offset': 0, 'limit': 260}
  [tool <-] read_file (ERROR)
  [tool ->] read_file  {'path': 'src/app.js', 'offset': 0, 'limit': 420}
  [tool <-] read_file
  [tool ->] read_file  {'path': 'src/app.js', 'offset': 25, 'limit': 260}
  [tool <-] read_file
  [tool ->] read_file  {'path': 'src/app.js', 'offset': 55, 'limit': 360}
  [tool <-] read_file
  [tool ->] read_file  {'path': 'src/app.js', 'offset': 60, 'limit': 360}
  [tool <-] read_file
  [tool ->] read_file  {'path': 'src/app.js', 'offset': 75, 'limit': 420}
  [tool <-] read_file
  [tool ->] read_file  {'path': 'src/app.js', 'offset': 88, 'limit': 420}
  [tool <-] read_file
  [tool ->] read_file  {'path': 'src/app.js', 'offset': 100, 'limit': 520}
  [tool <-] read_file
  [tool ->] read_file  {'path': 'src/app.js', 'offset': 118, 'limit': 520}
  [tool <-] read_file
  [tool ->] read_file  {'path': 'src/app.js', 'offset': 134, 'limit': 520}
  [tool <-] read_file
  [tool ->] read_file  {'path': 'src/app.js', 'offset': 156, 'limit': 520}
  [tool <-] read_file
  [tool ->] read_file  {'path': 'src/app.js', 'offset': 178, 'limit': 620}
  [tool <-] read_file
  [tool ->] read_file  {'path': 'src/app.js', 'offset': 198, 'limit': 620}
  [tool <-] read_file
  [tool ->] read_file  {'path': 'src/app.js', 'offset': 216, 'limit': 760}
  [tool <-] read_file
  [tool ->] read_file  {'path': 'src/app.js', 'offset': 230, 'limit': 820}
  [tool <-] read_file
  [tool ->] read_file  {'path': 'src/app.js', 'offset': 246, 'limit': 980}
  [tool <-] read_file
  [tool ->] read_file  {'path': 'src/app.js', 'offset': 260, 'limit': 1100}
  [tool <-] read_file
  [tool ->] read_file  {'path': 'src/app.js', 'offset': 284, 'limit': 1200}
  [tool <-] read_file
  [tool ->] read_file  {'path': 'index.html', 'offset': 1, 'limit': 220}
  [tool <-] read_file
  [tool ->] read_file  {'path': 'index.html', 'offset': 220, 'limit': 140}
  [tool <-] read_file
  [tool ->] read_file  {'path': 'index.html', 'offset': 220, 'limit': 260}
  [tool <-] read_file
  [tool ->] read_file  {'path': 'index.html', 'offset': 120, 'limit': 220}
  [tool <-] read_file
  [tool <-] spawn_subagent
  [tool ->] spawn_subagent  {'name': 'ui_tester', 'prompt': 'Audit the proof: do the Playwright e2e tests drive the real UI with web-first assertions and assert user-visible outcomes? Check for missing flows around disabled/enabled behavior and confirmation. Return PASS/FAIL with blocker/major/minor issues.'}
  [tool ->] test_evidence  {}
  [tool <-] test_evidence
  [tool ->] read_file  {'path': 'e2e/rsvp.spec.js'}
  [tool <-] read_file
  [tool ->] read_file  {'path': 'test_evidence/e2e.txt'}
  [tool <-] read_file
  [tool ->] read_file  {'path': 'index.html'}
  [tool <-] read_file
  [tool ->] read_file  {'path': 'test_evidence/summary.md'}
  [tool <-] read_file
  [tool ->] read_file  {'path': '20260705-110626-read_file-5a790f62fb9d.txt', 'offset': 1, 'limit': 220}
  [tool <-] read_file (ERROR)
  [tool ->] bash  {'command': 'dir /b'}
  [tool <-] bash (ERROR)
  [tool ->] read_file  {'path': 'index.html', 'offset': 1, 'limit': 260}
  [tool <-] read_file
  [tool ->] read_file  {'path': '20260705-110632-read_file-751c089488fe.txt', 'offset': 240, 'limit': 260}
  [tool <-] read_file (ERROR)
  [tool <-] spawn_subagent
  [tool ->] write_file  {'path': 'src/app.js', 'content': 'import { validateAll, normalizeSubmission, MAX_ATTENDEES } from \'./validation.js\';\n\nconst appEl = document.getElementById(\'app\');\n\nconst initialState = {\n  status: \'editing\', // editing | confirmed\n  values: {\n    name: \'\',\n    email: \'\',\n    attendees: \'\',\n    vegetarian: \'\',\n  },\n  touched: {\n    name: false,\n    email: false,\n    attendees: false,\n    vegetarian: false,\n  },\n  submitted: null,\n};\n\nlet state = structuredClon...
  [tool <-] write_file
  [tool ->] write_file  {'path': 'e2e/rsvp.spec.js', 'content': "import { test, expect } from '@playwright/test';\n\ntest('RSVP form enables submit when valid and shows a confirmation view', async ({ page }) => {\n  await page.goto('/');\n\n  const submit = page.getByRole('button', { name: 'Confirm RSVP' });\n  await expect(submit).toBeDisabled();\n\n  await page.getByLabel('Guest name').fill('Ada Lovelace');\n  await expect(submit).toBeDisabled();\n\n  await page.getByLabel('Email address').fill('ada@example.com');\n ...
  [tool <-] write_file
  [tool ->] bash  {'command': 'npm test > test_evidence\\unit.txt 2>&1', 'timeout_seconds': 600}
  [tool <-] bash
  [tool ->] bash  {'command': 'npx playwright test > test_evidence\\e2e.txt 2>&1', 'timeout_seconds': 600}
  [tool <-] bash (ERROR)
  [tool ->] spawn_subagent  {'name': 'code_reviewer', 'prompt': 'Re-review after fixes: focus-first-invalid behavior (esp vegetarian radio), submit handler simplicity, and whether e2e now covers invalid submit focus. Return PASS/FAIL with blocker/major/minor issues.'}
  [tool ->] test_evidence  {}
  [tool <-] test_evidence
  [tool ->] read_file  {'path': 'index.html'}
  [tool <-] read_file
  [tool ->] git  {'args': ['diff', '--name-only']}
  [tool <-] git (ERROR)
  [tool ->] read_file  {'path': 'e2e/rsvp.spec.js'}
  [tool <-] read_file
  [tool ->] read_file  {'path': 'tests/**/*.test.*'}
  [tool <-] read_file (ERROR)
  [tool ->] read_file  {'path': 'test_evidence/e2e.txt'}
  [tool <-] read_file
  [tool ->] read_file  {'path': 'src/app.js'}
  [tool <-] read_file
  [tool ->] read_file  {'path': 'src/validation.js'}
  [tool <-] read_file
  [tool ->] test_evidence  {'unit_log': 'test_evidence/unit.txt', 'e2e_log': 'test_evidence/e2e.txt'}
  [tool <-] test_evidence
  [tool ->] read_file  {'path': 'src/app.js', 'offset': 80, 'limit': 220}
  [tool <-] read_file
  [tool ->] read_file  {'path': 'src/app.js', 'offset': 220, 'limit': 260}
  [tool <-] read_file
  [tool ->] read_file  {'path': 'src/app.js', 'offset': 260, 'limit': 220}
  [tool <-] read_file
  [tool ->] read_file  {'path': 'src/app.js', 'offset': 1, 'limit': 120}
  [tool <-] read_file
  [tool ->] read_file  {'path': 'src/app.js', 'offset': 120, 'limit': 120}
  [tool <-] read_file
  [tool <-] spawn_subagent
  [tool ->] spawn_subagent  {'name': 'ui_tester', 'prompt': 'Re-audit Playwright proof after changes: does it still use web-first assertions and cover submit-disabled/enabled, invalid-submit focus, and form replaced by confirmation? Return PASS/FAIL with issues.'}
  [tool ->] test_evidence  {}
  [tool <-] test_evidence
  [tool ->] read_file  {'path': 'test_evidence/e2e.txt', 'limit': 2000}
  [tool <-] read_file
  [tool ->] read_file  {'path': 'e2e', 'limit': 2000}
  [tool <-] read_file (ERROR)
  [tool ->] read_file  {'path': 'index.html', 'limit': 2000}
  [tool <-] read_file
  [tool ->] read_file  {'path': 'e2e/rsvp.spec.js', 'limit': 2000}
  [tool <-] read_file
  [tool <-] spawn_subagent
  [tool ->] write_file  {'path': 'src/app.js', 'content': 'import { validateAll, normalizeSubmission, MAX_ATTENDEES } from \'./validation.js\';\n\nconst appEl = document.getElementById(\'app\');\n\nconst initialState = {\n  status: \'editing\', // editing | confirmed\n  values: {\n    name: \'\',\n    email: \'\',\n    attendees: \'\',\n    vegetarian: \'\',\n  },\n  touched: {\n    name: false,\n    email: false,\n    attendees: false,\n    vegetarian: false,\n  },\n  submitted: null,\n};\n\nlet state = structuredClon...
  [tool <-] write_file
  [tool ->] write_file  {'path': 'e2e/rsvp.spec.js', 'content': "import { test, expect } from '@playwright/test';\n\ntest('RSVP form enables submit when valid and shows a confirmation view', async ({ page }) => {\n  await page.goto('/');\n\n  const submit = page.getByRole('button', { name: 'Confirm RSVP' });\n  await expect(submit).toBeDisabled();\n\n  await page.getByLabel('Guest name').fill('Ada Lovelace');\n  await expect(submit).toBeDisabled();\n\n  await page.getByLabel('Email address').fill('ada@example.com');\n ...
  [tool <-] write_file
  [tool ->] bash  {'command': 'npm test > test_evidence\\unit.txt 2>&1', 'timeout_seconds': 600}
  [tool <-] bash
  [tool ->] bash  {'command': 'npx playwright test > test_evidence\\e2e.txt 2>&1', 'timeout_seconds': 600}
  [tool <-] bash (ERROR)
  [tool ->] spawn_subagent  {'name': 'ui_tester', 'prompt': 'Quickly check the latest test_evidence/e2e.txt indicates all Playwright tests passed and that e2e specs still assert real user-visible outcomes (confirmation + focus). PASS/FAIL with issues.'}
  [tool ->] test_evidence  {}
  [tool <-] test_evidence
  [tool ->] read_file  {'path': 'test_evidence/e2e.txt', 'limit': 200}
  [tool <-] read_file
  [tool ->] read_file  {'path': 'e2e', 'limit': 50}
  [tool <-] read_file (ERROR)
  [tool ->] bash  {'command': 'dir e2e', 'timeout_seconds': 120}
  [tool <-] bash (ERROR)
  [tool ->] read_file  {'path': 'e2e/rsvp.spec.js', 'limit': 200}
  [tool <-] read_file
  [tool <-] spawn_subagent
  [tool ->] bash  {'command': 'type test_evidence\\e2e.txt', 'timeout_seconds': 120}
  [tool <-] bash
  [tool ->] write_file  {'path': 'e2e/rsvp.spec.js', 'content': "import { test, expect } from '@playwright/test';\n\ntest('RSVP form enables submit when valid and shows a confirmation view', async ({ page }) => {\n  await page.goto('/');\n\n  const submit = page.getByRole('button', { name: 'Confirm RSVP' });\n  await expect(submit).toBeDisabled();\n\n  await page.getByLabel('Guest name').fill('Ada Lovelace');\n  await expect(submit).toBeDisabled();\n\n  await page.getByLabel('Email address').fill('ada@example.com');\n ...
  [tool <-] write_file
  [tool ->] bash  {'command': 'npx playwright test > test_evidence\\e2e.txt 2>&1', 'timeout_seconds': 600}
  [tool <-] bash
  [tool ->] bash  {'command': 'type test_evidence\\e2e.txt', 'timeout_seconds': 120}
  [tool <-] bash
  [tool ->] spawn_subagent  {'name': 'code_reviewer', 'prompt': 'Final review now that Playwright is green. Confirm all acceptance criteria are met (inline field errors tied with aria-describedby, aria-invalid, disabled until valid, focus first invalid on submit attempt, confirmation view). PASS/FAIL with issues.'}
  [tool ->] test_evidence  {}
  [tool <-] test_evidence
  [tool ->] read_file  {'path': 'index.html'}
  [tool <-] read_file
  [tool ->] read_file  {'path': 'e2e/rsvp.spec.js'}
  [tool <-] read_file
  [tool ->] read_file  {'path': 'tests/validation.test.js'}
  [tool <-] read_file
  [tool ->] read_file  {'path': 'src/main.js'}
  [tool <-] read_file (ERROR)
  [tool ->] read_file  {'path': 'src/validation.js'}
  [tool <-] read_file
  [tool ->] read_file  {'path': 'src/app.js'}
  [tool <-] read_file
  [tool ->] read_file  {'path': 'src/app.js', 'offset': 0, 'limit': 260}
  [tool <-] read_file
  [tool ->] read_file  {'path': 'src/app.js', 'offset': 260, 'limit': 260}
  [tool <-] read_file
  [tool ->] read_file  {'path': 'src/app.js', 'offset': 520, 'limit': 260}
  [tool <-] read_file
  [tool ->] read_file  {'path': 'src/app.js', 'offset': 200, 'limit': 200}
  [tool <-] read_file
  [tool ->] read_file  {'path': 'src/app.js', 'offset': 1, 'limit': 120}
  [tool <-] read_file
  [tool ->] read_file  {'path': 'src/app.js', 'offset': 120, 'limit': 120}
  [tool <-] read_file
  [tool ->] read_file  {'path': 'src/app.js', 'offset': 140, 'limit': 120}
  [tool <-] read_file
  [tool ->] read_file  {'path': 'src/app.js', 'offset': 160, 'limit': 120}
  [tool <-] read_file
  [tool ->] read_file  {'path': 'src/app.js', 'offset': 180, 'limit': 100}
  [tool <-] read_file
  [tool ->] read_file  {'path': 'src/app.js', 'offset': 280, 'limit': 180}
  [tool <-] read_file
  [tool ->] read_file  {'path': 'index.html', 'offset': 60, 'limit': 80}
  [tool <-] read_file
  [tool <-] spawn_subagent
  [tool ->] spawn_subagent  {'name': 'ui_tester', 'prompt': 'Final audit: confirm e2e coverage for happy path + focus-first-invalid is meaningful and evidence logs are green. PASS/FAIL with issues.'}
  [tool ->] test_evidence  {}
  [tool <-] test_evidence
  [tool ->] read_file  {'path': 'e2e/rsvp.spec.js'}
  [tool <-] read_file
  [tool ->] read_file  {'path': 'test_evidence/e2e.txt'}
  [tool <-] read_file
  [tool ->] read_file  {'path': 'index.html'}
  [tool <-] read_file
  [tool ->] read_file  {'path': 'test_evidence/summary.md'}
  [tool <-] read_file
  [tool <-] spawn_subagent
  [tool ->] write_file  {'path': 'src/app.js', 'content': 'import { validateAll, normalizeSubmission, MAX_ATTENDEES } from \'./validation.js\';\n\nconst appEl = document.getElementById(\'app\');\n\nconst initialState = {\n  status: \'editing\', // editing | confirmed\n  values: {\n    name: \'\',\n    email: \'\',\n    attendees: \'\',\n    vegetarian: \'\',\n  },\n  touched: {\n    name: false,\n    email: false,\n    attendees: false,\n    vegetarian: false,\n  },\n  submitted: null,\n};\n\nlet state = structuredClon...
  [tool <-] write_file
  [tool ->] bash  {'command': 'npm test > test_evidence\\unit.txt 2>&1', 'timeout_seconds': 600}
  [tool <-] bash
  [tool ->] bash  {'command': 'npx playwright test > test_evidence\\e2e.txt 2>&1', 'timeout_seconds': 600}
  [tool <-] bash
  [tool ->] spawn_subagent  {'name': 'code_reviewer', 'prompt': 'Re-check the vegetarian field error association after adding aria-describedby on fieldset. Confirm acceptance criteria satisfied. PASS/FAIL with issues.'}
  [tool ->] test_evidence  {}
  [tool <-] test_evidence
  [tool ->] read_file  {'path': 'index.html'}
  [tool <-] read_file
  [tool ->] read_file  {'path': 'e2e/rsvp.spec.js'}
  [tool <-] read_file
  [tool ->] read_file  {'path': 'tests/validation.test.js'}
  [tool <-] read_file
  [tool ->] read_file  {'path': 'src/validation.js'}
  [tool <-] read_file
  [tool ->] read_file  {'path': '20260705-111049-read_file-b9a52c809210.txt', 'limit': 260}
  [tool <-] read_file (ERROR)
  [tool ->] read_file  {'path': 'index.html', 'offset': 120, 'limit': 220}
  [tool <-] read_file
  [tool ->] read_file  {'path': 'src/app.js', 'limit': 260}
  [tool <-] read_file
  [tool ->] read_file  {'path': 'src/app.js', 'offset': 260, 'limit': 220}
  [tool <-] read_file
  [tool ->] read_file  {'path': 'src/app.js', 'offset': 220, 'limit': 120}
  [tool <-] read_file
  [tool ->] read_file  {'path': 'src/app.js', 'offset': 300, 'limit': 140}
  [tool <-] read_file
  [tool <-] spawn_subagent
  [tool ->] test_evidence  {}
  [tool <-] test_evidence
  [tool ->] bash  {'command': 'Q:\\projects\\inspired-arc\\chorus\\.venv\\Scripts\\python.exe -c "import base64;exec(base64.b64decode(\'aW1wb3J0IG9zLCByZSwgc3lzCgpDSEVDS1MgPSBbeydraW5kJzogJ2V4aXN0cycsICdwYXRoJzogJ2luZGV4Lmh0bWwnfSwgeydraW5kJzogJ2dsb2JfbWluJywgJ3BhdHRlcm4nOiAndGVzdHMvKiovKi50ZXN0LionLCAnY291bnQnOiAxfSwgeydraW5kJzogJ2dsb2JfbWluJywgJ3BhdHRlcm4nOiAnZTJlLyoqLyouc3BlYy4qJywgJ2NvdW50JzogMX0sIHsna2luZCc6ICdleGlzdHMnLCAncGF0aCc6ICd0ZXN0X2V2aWRlbmNlL3VuaXQudHh0J30sIHsna2luZCc6ICdhbnlfcmVnZXgnLCAncGF0aCc6IC...
  [tool <-] bash
  [tool ->] git  {'args': ['status', '--porcelain=v1']}
  [tool <-] git
  [tool ->] read_file  {'path': 'index.html', 'limit': 2000}
  [tool <-] read_file
  [tool ->] read_file  {'path': 'test_evidence/summary.md', 'limit': 2000}
  [tool <-] read_file
  [tool ->] bash  {'command': 'dir /s /b tests e2e src 2>nul & dir /s /b test_evidence', 'timeout_seconds': 120}
  [tool <-] bash (ERROR)
  [tool ->] read_file  {'path': 'src/app.js', 'limit': 2000}
  [tool <-] read_file
  [tool ->] read_file  {'path': 'src/validation.js', 'limit': 2000}
  [tool <-] read_file
  [tool ->] read_file  {'path': 'tests/validation.test.js', 'limit': 2000}
  [tool <-] read_file
  [tool ->] read_file  {'path': 'e2e/rsvp.spec.js', 'limit': 2000}
  [tool <-] read_file
  [tool ->] read_file  {'path': 'playwright.config.js', 'limit': 2000}
  [tool <-] read_file
  [tool ->] read_file  {'path': 'test_evidence/unit.txt', 'limit': 2000}
  [tool <-] read_file
  [tool ->] read_file  {'path': 'test_evidence/e2e.txt', 'limit': 2000}
  [tool <-] read_file
  [tool ->] read_file  {'path': 'index.html', 'offset': 0, 'limit': 260}
  [tool <-] read_file
  [tool ->] read_file  {'path': 'index.html', 'offset': 260, 'limit': 260}
  [tool <-] read_file
  [tool ->] read_file  {'path': '20260705-111130-read_file-e4c184bcba17.txt', 'limit': 2200}
  [tool <-] read_file (ERROR)
  [tool ->] read_file  {'path': 'index.html', 'limit': 2000}
  [tool <-] read_file
  [tool ->] read_file  {'path': '20260705-111142-read_file-090ee894763a.txt', 'limit': 2500}
  [tool <-] read_file (ERROR)
  [tool ->] read_file  {'path': 'src/app.js', 'limit': 260}
  [tool <-] read_file
  [tool ->] read_file  {'path': 'src/app.js', 'offset': 260, 'limit': 260}
  [tool <-] read_file
  [tool ->] read_file  {'path': 'src/app.js', 'offset': 520, 'limit': 260}
  [tool <-] read_file
  [tool ->] read_file  {'path': 'src/app.js', 'offset': 200, 'limit': 260}
  [tool <-] read_file
  [tool ->] read_file  {'path': 'src/app.js', 'offset': 140, 'limit': 220}
  [tool <-] read_file
  [tool ->] read_file  {'path': 'src/app.js', 'offset': 160, 'limit': 120}
  [tool <-] read_file
  [tool ->] read_file  {'path': 'src/app.js', 'offset': 180, 'limit': 120}
  [tool <-] read_file
  [tool ->] read_file  {'path': 'src/app.js', 'offset': 230, 'limit': 120}
  [tool <-] read_file
  [tool ->] read_file  {'path': 'src/app.js', 'offset': 248, 'limit': 120}
  [tool <-] read_file
  [tool ->] read_file  {'path': 'src/app.js', 'offset': 260, 'limit': 140}
  [tool <-] read_file
  [tool ->] read_file  {'path': 'src/app.js', 'offset': 300, 'limit': 140}
  [tool <-] read_file
  [tool ->] read_file  {'path': 'src/app.js', 'offset': 80, 'limit': 120}
  [tool <-] read_file
  [tool ->] read_file  {'path': 'src/app.js', 'offset': 100, 'limit': 120}
  [tool <-] read_file
  [tool ->] read_file  {'path': 'src/app.js', 'offset': 118, 'limit': 80}
  [tool <-] read_file
  [EVALUATED] {'sprint_number': 1, 'outcome': 'pass', 'score': 1.0, 'notes': 'RSVP form + accessible inline validation + disabled-until-valid submit + focus-first-invalid + confirmation view are implemented; unit + Playwright e2e tests exist and captured evidence shows both suites passing.'}
== beat done ==

[verdict] dod_floor=pass
[verdict] unit_reverify_exit=0
[verdict] e2e_reverify_exit=0
[verdict] truly_passed=True