intent: Build a personal budget tracker that works as a real multi-screen app. A person sees a dashboard summarizing their spending — the total spent this month and a breakdown by category — and can open a full transactions view to browse every transaction, search them by text, and filter by category. They can add a transaction through a form that validates its inputs (a description, a positive amount, a category, and a date) and keeps submit unavailable until everything is valid, telling them clearly what is wrong with each field in a way a screen-reader user also hears. They can open any transaction to see and edit its details, or delete it. Everything they enter survives a page refresh and a browser restart. The whole app must work well from a narrow phone (a single column, no sideways scrolling) up to a wide desktop (a denser, multi-column layout), and moving between the dashboard, the list, a transaction's detail, and the add form must use real URLs so the browser's back and forward buttons and a shared link all land on the right screen with the right data.

  [tool ->] skill  {'name': 'spec-to-working-app'}
  [tool <-] skill
  [tool ->] skill  {'name': 'choosing-a-frontend-stack'}
  [tool <-] skill
  [tool ->] bash  {'command': 'cd /d q:\\projects\\inspired-arc\\chorus\\.chorus\\work\\frontend-eng-hard-budget\\worktrees\\finn && dir', 'timeout_seconds': 120}
  [tool <-] bash
  [tool ->] glob  {'pattern': '**/package.json', 'path': None}
  [tool <-] glob
  [tool ->] glob  {'pattern': 'DESIGN.md', 'path': None}
  [tool <-] glob
  [tool ->] glob  {'pattern': '**/*', 'path': 'docs', 'limit': 50}
  [tool <-] glob
  [tool ->] read_file  {'path': 'docs/exec-plans/active/run-budget.md', 'limit': 2000}
  [tool <-] read_file
  [tool ->] skill  {'name': 'scaffolding-with-vite'}
  [tool <-] skill
  [tool ->] bash  {'command': 'cd /d q:\\projects\\inspired-arc\\chorus\\.chorus\\work\\frontend-eng-hard-budget\\worktrees\\finn && npm init -y', 'timeout_seconds': 120}
  [tool <-] bash
  [tool ->] bash  {'command': 'cd /d q:\\projects\\inspired-arc\\chorus\\.chorus\\work\\frontend-eng-hard-budget\\worktrees\\finn && npm i react react-dom react-router-dom && npm i -D vite @vitejs/plugin-react vitest @vitest/coverage-v8 @testing-library/react @testing-library/jest-dom @testing-library/user-event jsdom playwright', 'timeout_seconds': 600}
  [tool <-] bash
  [tool ->] write_file  {'path': 'vite.config.js', 'content': "import { defineConfig } from 'vite';\nimport react from '@vitejs/plugin-react';\n\nexport default defineConfig({\n  plugins: [react()],\n  server: {\n    host: '127.0.0.1',\n    port: 5173,\n    strictPort: true,\n  },\n  preview: {\n    host: '127.0.0.1',\n    port: 4173,\n    strictPort: true,\n  },\n  test: {\n    environment: 'jsdom',\n    setupFiles: ['./src/test/setupTests.js'],\n  },\n});\n"}
  [tool <-] write_file
  [tool ->] write_file  {'path': 'index.html', 'content': '<!doctype html>\n<html lang="en">\n  <head>\n    <meta charset="UTF-8" />\n    <meta name="viewport" content="width=device-width, initial-scale=1.0" />\n    <title>Budget Tracker</title>\n  </head>\n  <body>\n    <div id="root"></div>\n    <script type="module" src="/src/main.jsx"></script>\n  </body>\n</html>\n'}
  [tool <-] write_file
  [tool ->] write_file  {'path': 'src/main.jsx', 'content': "import React from 'react';\nimport { createRoot } from 'react-dom/client';\nimport { BrowserRouter } from 'react-router-dom';\nimport App from './ui/App.jsx';\nimport './ui/styles.css';\n\ncreateRoot(document.getElementById('root')).render(\n  <React.StrictMode>\n    <BrowserRouter>\n      <App />\n    </BrowserRouter>\n  </React.StrictMode>\n);\n"}
  [tool <-] write_file
  [tool ->] write_file  {'path': 'src/ui/styles.css', 'content': ':root{\n  --bg: #0b1020;\n  --panel: #121a33;\n  --panel-2: #0f1630;\n  --text: #eaf0ff;\n  --muted: #aeb7d6;\n  --border: #2a3562;\n  --accent: #6ea8ff;\n  --accent-2: #60d394;\n  --danger: #ff6b6b;\n  --shadow: 0 8px 30px rgba(0,0,0,.35);\n  --radius: 14px;\n  --focus: 2px solid #f9d65c;\n  color-scheme: dark;\n}\n*{ box-sizing:border-box; }\nhtml,body{ height:100%; }\nbody{\n  margin:0;\n  font-family: ui-sans-serif, system-ui, -apple-system, Segoe UI...
  [tool <-] write_file
  [tool ->] write_file  {'path': 'src/test/setupTests.js', 'content': "import '@testing-library/jest-dom/vitest';\n"}
  [tool <-] write_file
  [tool ->] write_file  {'path': 'src/domain/categories.js', 'content': "export const CATEGORIES = [\n  'Groceries',\n  'Rent',\n  'Utilities',\n  'Dining',\n  'Transport',\n  'Entertainment',\n  'Health',\n  'Other',\n];\n"}
  [tool <-] write_file
  [tool ->] write_file  {'path': 'src/domain/ids.js', 'content': 'export function makeId() {\n  // good-enough unique id for local app; deterministic tests can stub if needed\n  return `tx_${Date.now().toString(36)}_${Math.random().toString(36).slice(2, 8)}`;\n}\n'}
  [tool <-] write_file
  [tool ->] write_file  {'path': 'src/domain/transactions.js', 'content': "import { CATEGORIES } from './categories.js';\n\nexport function normalizeText(s) {\n  return String(s ?? '').trim();\n}\n\nexport function parseAmount(value) {\n  if (value === '' || value == null) return NaN;\n  const n = Number(value);\n  return Number.isFinite(n) ? n : NaN;\n}\n\nexport function isValidISODate(value) {\n  if (!/^\\d{4}-\\d{2}-\\d{2}$/.test(String(value))) return false;\n  const d = new Date(`${value}T00:00:00.000Z`);\n  retu...
  [tool <-] write_file
  [tool ->] write_file  {'path': 'src/domain/storage.js', 'content': "const STORAGE_KEY = 'budgetTracker.transactions.v1';\n\nexport function loadTransactions(storage = window.localStorage) {\n  const raw = storage.getItem(STORAGE_KEY);\n  if (!raw) return [];\n  try {\n    const parsed = JSON.parse(raw);\n    if (!Array.isArray(parsed)) return [];\n    // minimal shape validation\n    return parsed\n      .filter((t) => t && typeof t.id === 'string')\n      .map((t) => ({\n        id: String(t.id),\n        descriptio...
  [tool <-] write_file
  [tool ->] write_file  {'path': 'src/domain/state.js', 'content': "import { loadTransactions, saveTransactions } from './storage.js';\nimport { makeId } from './ids.js';\n\nexport function createInitialState(storage) {\n  const transactions = typeof window === 'undefined' ? [] : loadTransactions(storage);\n  return { transactions };\n}\n\nexport function budgetReducer(state, action) {\n  switch (action.type) {\n    case 'transaction/add': {\n      const tx = { ...action.transaction };\n      if (!tx.id) tx.id = makeId...
  [tool <-] write_file
  [tool ->] write_file  {'path': 'src/ui/BudgetStore.jsx', 'content': "import React from 'react';\nimport { budgetReducer, createInitialState, persistState } from '../domain/state.js';\n\nconst BudgetContext = React.createContext(null);\n\nexport function BudgetProvider({ children, storage = window.localStorage }) {\n  const [state, dispatch] = React.useReducer(budgetReducer, undefined, () => createInitialState(storage));\n\n  React.useEffect(() => {\n    persistState(state, storage);\n  }, [state, storage]);\n\n  cons...
  [tool <-] write_file
  [tool ->] write_file  {'path': 'src/ui/App.jsx', 'content': 'import React from \'react\';\nimport { NavLink, Route, Routes } from \'react-router-dom\';\nimport DashboardPage from \'./pages/DashboardPage.jsx\';\nimport TransactionsPage from \'./pages/TransactionsPage.jsx\';\nimport AddTransactionPage from \'./pages/AddTransactionPage.jsx\';\nimport TransactionDetailPage from \'./pages/TransactionDetailPage.jsx\';\nimport NotFoundPage from \'./pages/NotFoundPage.jsx\';\nimport { BudgetProvider } from \'./BudgetStore.js...
  [tool <-] write_file
  [tool ->] write_file  {'path': 'src/ui/pages/NotFoundPage.jsx', 'content': 'import React from \'react\';\nimport { Link } from \'react-router-dom\';\n\nexport default function NotFoundPage() {\n  return (\n    <section className="panel" aria-labelledby="nf-title">\n      <div className="panel-hd">\n        <h1 id="nf-title" style={{ margin: 0 }}>Not found</h1>\n      </div>\n      <div className="panel-bd stack">\n        <p>The page you’re looking for doesn’t exist.</p>\n        <Link className="btn" to="/">Go to da...
  [tool <-] write_file
  [tool ->] write_file  {'path': 'src/ui/components/CategoryBreakdown.jsx', 'content': 'import React from \'react\';\nimport { formatMoney } from \'../../domain/transactions.js\';\n\nexport default function CategoryBreakdown({ items }) {\n  if (!items.length) {\n    return <p className="help">No spending recorded for the current month yet.</p>;\n  }\n\n  return (\n    <div className="stack" role="list" aria-label="Spending by category">\n      {items.map((i) => (\n        <div\n          key={i.category}\n          rol...
  [tool <-] write_file
  [tool ->] write_file  {'path': 'src/ui/pages/DashboardPage.jsx', 'content': 'import React from \'react\';\nimport { Link } from \'react-router-dom\';\nimport { useBudget } from \'../BudgetStore.jsx\';\nimport {\n  breakdownByCategoryForMonth,\n  formatMoney,\n  sumSpentForMonth,\n} from \'../../domain/transactions.js\';\nimport CategoryBreakdown from \'../components/CategoryBreakdown.jsx\';\n\nexport default function DashboardPage() {\n  const { state } = useBudget();\n  const total = sumSpentForMonth(state.transacti...
  [tool <-] write_file
  [tool ->] write_file  {'path': 'src/ui/pages/TransactionsPage.jsx', 'content': 'import React from \'react\';\nimport { Link, useSearchParams } from \'react-router-dom\';\nimport { useBudget } from \'../BudgetStore.jsx\';\nimport { CATEGORIES } from \'../../domain/categories.js\';\nimport {\n  filterTransactions,\n  formatMoney,\n  sortTransactionsNewestFirst,\n} from \'../../domain/transactions.js\';\n\nexport default function TransactionsPage() {\n  const { state } = useBudget();\n  const [params, setParams] = useSe...
  [tool <-] write_file
  [tool ->] write_file  {'path': 'src/ui/components/TransactionForm.jsx', 'content': 'import React from \'react\';\nimport { CATEGORIES } from \'../../domain/categories.js\';\nimport { validateTransactionDraft } from \'../../domain/transactions.js\';\n\nfunction fieldDescribedBy(errorId, helpId, hasError) {\n  const ids = [];\n  if (hasError) ids.push(errorId);\n  ids.push(helpId);\n  return ids.join(\' \');\n}\n\nexport default function TransactionForm({\n  initial,\n  submitLabel,\n  onSubmit,\n  busy = false,\n}) {\...
  [tool <-] write_file
  [tool ->] write_file  {'path': 'src/ui/pages/AddTransactionPage.jsx', 'content': 'import React from \'react\';\nimport { useNavigate } from \'react-router-dom\';\nimport { useBudget } from \'../BudgetStore.jsx\';\nimport TransactionForm from \'../components/TransactionForm.jsx\';\n\nfunction todayISO() {\n  const d = new Date();\n  const yyyy = d.getFullYear();\n  const mm = String(d.getMonth() + 1).padStart(2, \'0\');\n  const dd = String(d.getDate()).padStart(2, \'0\');\n  return `${yyyy}-${mm}-${dd}`;\n}\n\nexport...
  [tool <-] write_file
  [tool ->] write_file  {'path': 'src/ui/pages/TransactionDetailPage.jsx', 'content': 'import React from \'react\';\nimport { Link, useNavigate, useParams } from \'react-router-dom\';\nimport { useBudget } from \'../BudgetStore.jsx\';\nimport TransactionForm from \'../components/TransactionForm.jsx\';\n\nexport default function TransactionDetailPage() {\n  const { id } = useParams();\n  const { state, dispatch } = useBudget();\n  const navigate = useNavigate();\n\n  const tx = state.transactions.find((t) => t.id === id...
  [tool <-] write_file
  [tool ->] write_file  {'path': 'package.json', 'content': '{\n  "name": "budget-tracker",\n  "private": true,\n  "version": "0.0.0",\n  "type": "module",\n  "scripts": {\n    "dev": "vite",\n    "build": "vite build",\n    "preview": "vite preview --host 127.0.0.1 --port 4173 --strictPort",\n    "test": "vitest run",\n    "test:unit": "vitest run",\n    "test:e2e": "playwright test"\n  },\n  "dependencies": {\n    "react": "^19.1.1",\n    "react-dom": "^19.1.1",\n    "react-router-dom": "^7.9.1"\n  },\n  "devDependen...
  [tool <-] write_file
  [tool ->] write_file  {'path': 'src/domain/transactions.test.js', 'content': "import { describe, expect, test } from 'vitest';\nimport {\n  breakdownByCategoryForMonth,\n  filterTransactions,\n  isValidISODate,\n  sumSpentForMonth,\n  validateTransactionDraft,\n} from './transactions.js';\n\ndescribe('validation', () => {\n  test('requires description, positive amount, known category, valid date', () => {\n    const v = validateTransactionDraft({\n      description: '',\n      amount: '-1',\n      category: 'NotAReal...
  [tool <-] write_file
  [tool ->] write_file  {'path': 'playwright.config.js', 'content': "import { defineConfig, devices } from '@playwright/test';\n\nexport default defineConfig({\n  testDir: './tests',\n  timeout: 30_000,\n  expect: { timeout: 5_000 },\n  use: {\n    baseURL: 'http://127.0.0.1:4173',\n    trace: 'on-first-retry',\n  },\n  webServer: {\n    command: 'npm run preview',\n    url: 'http://127.0.0.1:4173',\n    reuseExistingServer: true,\n    timeout: 60_000,\n  },\n  projects: [\n    {\n      name: 'chromium',\n      use: { ...
  [tool <-] write_file
  [tool ->] write_file  {'path': 'tests/budget-tracker.spec.js', 'content': "import { test, expect } from '@playwright/test';\n\ntest.beforeEach(async ({ page }) => {\n  await page.goto('/');\n  await page.evaluate(() => localStorage.clear());\n  await page.reload();\n});\n\ntest('routing + add validation + persistence across reload + edit flow', async ({ page }) => {\n  // dashboard\n  await expect(page.getByRole('heading', { name: 'Dashboard' })).toBeVisible();\n\n  // go add\n  await page.getByRole('link', { name: '...
  [tool <-] write_file
  [tool ->] bash  {'command': 'cd /d q:\\projects\\inspired-arc\\chorus\\.chorus\\work\\frontend-eng-hard-budget\\worktrees\\finn && npm run build', 'timeout_seconds': 600}
  [tool <-] bash
  [tool ->] bash  {'command': 'cd /d q:\\projects\\inspired-arc\\chorus\\.chorus\\work\\frontend-eng-hard-budget\\worktrees\\finn && npm test', 'timeout_seconds': 600}
  [tool <-] bash (ERROR)
  [tool ->] write_file  {'path': 'vitest.config.js', 'content': "import { defineConfig } from 'vitest/config';\nimport react from '@vitejs/plugin-react';\n\nexport default defineConfig({\n  plugins: [react()],\n  test: {\n    environment: 'jsdom',\n    setupFiles: ['./src/test/setupTests.js'],\n    exclude: ['**/node_modules/**', '**/dist/**', '**/tests/**'],\n  },\n});\n"}
  [tool <-] write_file
  [tool ->] write_file  {'path': 'vite.config.js', 'content': "import { defineConfig } from 'vite';\nimport react from '@vitejs/plugin-react';\n\nexport default defineConfig({\n  plugins: [react()],\n  server: {\n    host: '127.0.0.1',\n    port: 5173,\n    strictPort: true,\n  },\n  preview: {\n    host: '127.0.0.1',\n    port: 4173,\n    strictPort: true,\n  },\n});\n"}
  [tool <-] write_file
  [tool ->] write_file  {'path': 'tests/budget-tracker.spec.js', 'content': "import { test, expect } from '@playwright/test';\n\ntest.beforeEach(async ({ page }) => {\n  await page.goto('/');\n  await page.evaluate(() => localStorage.clear());\n  await page.reload();\n});\n\ntest('routing + add validation + persistence across reload + edit flow', async ({ page }) => {\n  await expect(page.getByRole('heading', { name: 'Dashboard' })).toBeVisible();\n\n  await page.getByRole('link', { name: 'Add' }).click();\n  await exp...
  [tool <-] write_file
  [tool ->] bash  {'command': 'cd /d q:\\projects\\inspired-arc\\chorus\\.chorus\\work\\frontend-eng-hard-budget\\worktrees\\finn && npm test', 'timeout_seconds': 600}
  [tool <-] bash (ERROR)
  [tool ->] bash  {'command': 'cd /d q:\\projects\\inspired-arc\\chorus\\.chorus\\work\\frontend-eng-hard-budget\\worktrees\\finn && node -p "require(\'./node_modules/vitest/package.json\').version"', 'timeout_seconds': 120}
  [tool <-] bash
  [tool ->] bash  {'command': 'cd /d q:\\projects\\inspired-arc\\chorus\\.chorus\\work\\frontend-eng-hard-budget\\worktrees\\finn && node --test -e ""', 'timeout_seconds': 120}
  [tool <-] bash (ERROR)
  [tool ->] write_file  {'path': 'vitest.config.js', 'content': "import { defineConfig } from 'vitest/config';\n\nexport default defineConfig({\n  test: {\n    environment: 'jsdom',\n    setupFiles: ['./src/test/setupTests.js'],\n    exclude: ['**/node_modules/**', '**/dist/**', '**/tests/**'],\n  },\n});\n"}
  [tool <-] write_file
  [tool ->] bash  {'command': 'cd /d q:\\projects\\inspired-arc\\chorus\\.chorus\\work\\frontend-eng-hard-budget\\worktrees\\finn && npm test', 'timeout_seconds': 600}
  [tool <-] bash (ERROR)
  [tool ->] read_file  {'path': 'src/domain/transactions.test.js', 'offset': 1, 'limit': 30}
  [tool <-] read_file
  [tool ->] write_file  {'path': 'src/domain/transactions.test.js', 'content': "import { describe, expect, test } from 'vitest';\nimport {\n  breakdownByCategoryForMonth,\n  filterTransactions,\n  isValidISODate,\n  sumSpentForMonth,\n  validateTransactionDraft,\n} from './transactions.js';\n\ndescribe('validation', () => {\n  test('requires description, positive amount, known category, valid date', () => {\n    const v = validateTransactionDraft({\n      description: '',\n      amount: '-1',\n      category: 'NotAReal...
  [tool <-] write_file
  [tool ->] bash  {'command': 'cd /d q:\\projects\\inspired-arc\\chorus\\.chorus\\work\\frontend-eng-hard-budget\\worktrees\\finn && npm test', 'timeout_seconds': 600}
  [tool <-] bash (ERROR)
  [tool ->] bash  {'command': 'cd /d q:\\projects\\inspired-arc\\chorus\\.chorus\\work\\frontend-eng-hard-budget\\worktrees\\finn && node -e "import(\'vitest\').then(m=>console.log(Object.keys(m)))"', 'timeout_seconds': 120}
  [tool <-] bash
  [tool ->] bash  {'command': 'cd /d q:\\projects\\inspired-arc\\chorus\\.chorus\\work\\frontend-eng-hard-budget\\worktrees\\finn && npx vitest run --reporter verbose', 'timeout_seconds': 600}
  [tool <-] bash (ERROR)
  [tool ->] bash  {'command': 'cd /d q:\\projects\\inspired-arc\\chorus\\.chorus\\work\\frontend-eng-hard-budget\\worktrees\\finn && npm ls vitest', 'timeout_seconds': 120}
  [tool <-] bash (ERROR)
  [tool ->] bash  {'command': 'cd /d q:\\projects\\inspired-arc\\chorus\\.chorus\\work\\frontend-eng-hard-budget\\worktrees\\finn && npm i -D vitest@^3.2.4 @vitest/coverage-v8@^3.2.4', 'timeout_seconds': 600}
  [tool <-] bash
  [tool ->] bash  {'command': 'cd /d q:\\projects\\inspired-arc\\chorus\\.chorus\\work\\frontend-eng-hard-budget\\worktrees\\finn && npm test', 'timeout_seconds': 600}
  [tool <-] bash
  [tool ->] bash  {'command': 'cd /d q:\\projects\\inspired-arc\\chorus\\.chorus\\work\\frontend-eng-hard-budget\\worktrees\\finn && npm run build', 'timeout_seconds': 600}
  [tool <-] bash
  [tool ->] bash  {'command': 'cd /d q:\\projects\\inspired-arc\\chorus\\.chorus\\work\\frontend-eng-hard-budget\\worktrees\\finn && npx playwright test', 'timeout_seconds': 600}
  [tool <-] bash (ERROR)
  [tool ->] bash  {'command': 'cd /d q:\\projects\\inspired-arc\\chorus\\.chorus\\work\\frontend-eng-hard-budget\\worktrees\\finn && npm i -D @playwright/test', 'timeout_seconds': 600}
  [tool <-] bash
  [tool ->] bash  {'command': 'cd /d q:\\projects\\inspired-arc\\chorus\\.chorus\\work\\frontend-eng-hard-budget\\worktrees\\finn && npx playwright test', 'timeout_seconds': 600}
  [tool <-] bash (ERROR)
  [tool ->] write_file  {'path': 'tests/budget-tracker.spec.js', 'content': "import { test, expect } from '@playwright/test';\n\ntest.beforeEach(async ({ page }) => {\n  await page.goto('/');\n  await page.evaluate(() => localStorage.clear());\n  await page.reload();\n});\n\ntest('routing + add validation + persistence across reload + edit flow', async ({ page }) => {\n  await expect(page.getByRole('heading', { name: 'Dashboard' })).toBeVisible();\n\n  // go add via top nav\n  await page.getByRole('navigation', { name:...
  [tool <-] write_file
  [tool ->] bash  {'command': 'cd /d q:\\projects\\inspired-arc\\chorus\\.chorus\\work\\frontend-eng-hard-budget\\worktrees\\finn && npx playwright test', 'timeout_seconds': 600}
  [tool <-] bash (ERROR)
  [tool ->] write_file  {'path': 'tests/budget-tracker.spec.js', 'content': "import { test, expect } from '@playwright/test';\n\ntest.beforeEach(async ({ page }) => {\n  await page.goto('/');\n  await page.evaluate(() => localStorage.clear());\n  await page.reload();\n});\n\ntest('routing + add validation + persistence across reload + edit flow', async ({ page }) => {\n  await expect(page.getByRole('heading', { name: 'Dashboard' })).toBeVisible();\n\n  await page.getByRole('navigation', { name: 'Primary' }).getByRole('...
  [tool <-] write_file
  [tool ->] bash  {'command': 'cd /d q:\\projects\\inspired-arc\\chorus\\.chorus\\work\\frontend-eng-hard-budget\\worktrees\\finn && npx playwright test', 'timeout_seconds': 600}
  [tool <-] bash (ERROR)
  [tool ->] write_file  {'path': 'tests/budget-tracker.spec.js', 'content': "import { test, expect } from '@playwright/test';\n\ntest.beforeEach(async ({ page }) => {\n  await page.goto('/');\n  await page.evaluate(() => localStorage.clear());\n  await page.reload();\n});\n\ntest('routing + add validation + persistence across reload + edit flow', async ({ page }) => {\n  await expect(page.getByRole('heading', { name: 'Dashboard' })).toBeVisible();\n\n  await page.getByRole('navigation', { name: 'Primary' }).getByRole('...
  [tool <-] write_file
  [tool ->] bash  {'command': 'cd /d q:\\projects\\inspired-arc\\chorus\\.chorus\\work\\frontend-eng-hard-budget\\worktrees\\finn && npx playwright test', 'timeout_seconds': 600}
  [tool <-] bash (ERROR)
  [tool ->] write_file  {'path': 'src/ui/pages/DashboardPage.jsx', 'content': 'import React from \'react\';\nimport { Link } from \'react-router-dom\';\nimport { useBudget } from \'../BudgetStore.jsx\';\nimport {\n  breakdownByCategoryForMonth,\n  formatMoney,\n  sumSpentForMonth,\n} from \'../../domain/transactions.js\';\nimport CategoryBreakdown from \'../components/CategoryBreakdown.jsx\';\n\nexport default function DashboardPage() {\n  const { state } = useBudget();\n  const total = sumSpentForMonth(state.transacti...
  [tool <-] write_file
  [tool ->] bash  {'command': 'cd /d q:\\projects\\inspired-arc\\chorus\\.chorus\\work\\frontend-eng-hard-budget\\worktrees\\finn && npm run build', 'timeout_seconds': 600}
  [tool <-] bash
  [tool ->] bash  {'command': 'cd /d q:\\projects\\inspired-arc\\chorus\\.chorus\\work\\frontend-eng-hard-budget\\worktrees\\finn && npx playwright test', 'timeout_seconds': 600}
  [tool <-] bash
  [tool ->] bash  {'command': 'cd /d q:\\projects\\inspired-arc\\chorus\\.chorus\\work\\frontend-eng-hard-budget\\worktrees\\finn && if not exist test_evidence mkdir test_evidence && npm test > test_evidence\\unit.txt 2>&1', 'timeout_seconds': 600}
  [tool <-] bash
  [tool ->] bash  {'command': 'cd /d q:\\projects\\inspired-arc\\chorus\\.chorus\\work\\frontend-eng-hard-budget\\worktrees\\finn && if not exist test_evidence mkdir test_evidence && npx playwright test > test_evidence\\e2e.txt 2>&1', 'timeout_seconds': 600}
  [tool <-] bash
  [tool ->] write_file  {'path': 'test_evidence/summary.md', 'content': '# Budget tracker — sprint 1 summary\n\n## Stack choice + rationale\n\n**Chosen stack:** React + React Router + Vite (SPA), unit tests with **Vitest**, end-to-end tests with **Playwright**.\n\n**Why this stack:** The acceptance criteria require **multiple routed screens with real URLs**, deep-linking directly to a specific transaction detail route, and reliable back/forward navigation while keeping shared in-memory state (the transaction list) cons...
  [tool <-] write_file
  [tool ->] spawn_subagent  {'name': 'code_reviewer', 'prompt': 'Review this budget tracker SPA for acceptance-criteria coverage, stack fit, accessibility by construction, routing/deep-linking/persistence correctness, and whether the unit/e2e tests genuinely prove behavior. Return PASS/FAIL with blocker/major/minor issues.'}
  [tool ->] test_evidence  {}
  [tool <-] test_evidence
  [tool ->] read_file  {'path': 'package.json'}
  [tool <-] read_file
  [tool ->] glob  {'pattern': '**/*', 'limit': 200}
  [tool <-] glob
  [tool ->] glob  {'pattern': '**/*.test.*', 'limit': 200}
  [tool <-] glob
  [tool ->] glob  {'pattern': '**/*playwright*.*', 'limit': 50}
  [tool <-] glob
  [tool ->] glob  {'pattern': 'test_evidence/*', 'limit': 50}
  [tool <-] glob
  [tool ->] read_file  {'path': 'playwright.config.js'}
  [tool <-] read_file
  [tool ->] read_file  {'path': 'src/domain/transactions.test.js'}
  [tool <-] read_file
  [tool ->] read_file  {'path': 'test_evidence/unit.txt'}
  [tool <-] read_file
  [tool ->] read_file  {'path': 'test_evidence/summary.md'}
  [tool <-] read_file
  [tool ->] glob  {'pattern': 'src/**/*', 'limit': 200}
  [tool <-] glob
  [tool ->] glob  {'pattern': 'tests/**/*', 'limit': 200}
  [tool <-] glob
  [tool ->] read_file  {'path': 'src/main.jsx'}
  [tool <-] read_file
  [tool ->] read_file  {'path': 'src/App.jsx'}
  [tool <-] read_file (ERROR)
  [tool ->] read_file  {'path': 'src/domain/transactions.js'}
  [tool <-] read_file
  [tool ->] read_file  {'path': 'src/ui/App.jsx'}
  [tool <-] read_file
  [tool ->] read_file  {'path': 'src/ui/BudgetStore.jsx'}
  [tool <-] read_file
  [tool ->] read_file  {'path': 'src/ui/pages/DashboardPage.jsx'}
  [tool <-] read_file
  [tool ->] read_file  {'path': 'src/ui/pages/TransactionsPage.jsx'}
  [tool <-] read_file
  [tool ->] read_file  {'path': 'src/ui/pages/TransactionDetailPage.jsx'}
  [tool <-] read_file
  [tool ->] read_file  {'path': 'tests/budget-tracker.spec.js'}
  [tool <-] read_file
  [tool ->] read_file  {'path': 'src/ui/pages/TransactionsPage.jsx'}
  [tool <-] read_file
  [tool ->] read_file  {'path': 'src/ui/pages/AddTransactionPage.jsx'}
  [tool <-] read_file
  [tool ->] read_file  {'path': 'src/ui/components/TransactionForm.jsx'}
  [tool <-] read_file
  [tool ->] read_file  {'path': 'src/domain/state.js'}
  [tool <-] read_file
  [tool ->] read_file  {'path': 'src/domain/storage.js'}
  [tool <-] read_file
  [tool ->] read_file  {'path': 'src/ui/styles.css'}
  [tool <-] read_file
  [tool <-] spawn_subagent
  [tool ->] spawn_subagent  {'name': 'ui_tester', 'prompt': 'Audit the Playwright e2e coverage and evidence: does it drive the real UI, assert user-visible outcomes, cover routing, validation/submit enabling, persistence across reload, and edit/delete? Any flakiness risks? Return PASS/FAIL with blocker/major/minor issues.'}
  [tool ->] test_evidence  {}
  [tool <-] test_evidence
  [tool ->] glob  {'pattern': 'playwright.config.*'}
  [tool <-] glob
  [tool ->] glob  {'pattern': '**/*.spec.*'}
  [tool <-] glob
  [tool ->] glob  {'pattern': 'test_evidence/*'}
  [tool <-] glob
  [tool ->] read_file  {'path': 'package.json'}
  [tool <-] read_file
  [tool ->] read_file  {'path': 'playwright.config.js'}
  [tool <-] read_file
  [tool ->] read_file  {'path': 'tests/budget-tracker.spec.js'}
  [tool <-] read_file
  [tool ->] read_file  {'path': 'test_evidence/summary.md'}
  [tool <-] read_file
  [tool ->] read_file  {'path': 'test_evidence/unit.txt'}
  [tool <-] read_file
  [tool ->] read_file  {'path': '20260705-211309-read_file-445bf8f63f2c.txt'}
  [tool <-] read_file (ERROR)
  [tool ->] read_file  {'path': 'test_evidence/summary.md', 'limit': 260}
  [tool <-] read_file
  [tool ->] read_file  {'path': '20260705-211314-read_file-0d67761d1d7e.txt', 'limit': 260}
  [tool <-] read_file (ERROR)
  [tool ->] glob  {'pattern': 'src/**/*', 'limit': 50}
  [tool <-] glob
  [tool ->] read_file  {'path': 'src/ui/App.jsx'}
  [tool <-] read_file
  [tool ->] read_file  {'path': 'src/ui/pages/TransactionDetailPage.jsx'}
  [tool <-] read_file
  [tool ->] read_file  {'path': 'src/ui/pages/TransactionsPage.jsx'}
  [tool <-] read_file
  [tool ->] read_file  {'path': 'src/ui/components/TransactionForm.jsx'}
  [tool <-] read_file
  [tool ->] grep  {'pattern': 'aria-label|aria-labelledby|getByRole\\(|getByLabel\\(|confirm\\(', 'path': 'tests/budget-tracker.spec.js'}
  [tool <-] grep
  [tool <-] spawn_subagent
  [tool ->] bash  {'command': 'cd /d q:\\projects\\inspired-arc\\chorus\\.chorus\\work\\frontend-eng-hard-budget\\worktrees\\finn && dir test_evidence', 'timeout_seconds': 120}
  [tool <-] bash
  [tool ->] bash  {'command': 'cd /d q:\\projects\\inspired-arc\\chorus\\.chorus\\work\\frontend-eng-hard-budget\\worktrees\\finn && npx playwright test > test_evidence\\e2e.txt 2>&1', 'timeout_seconds': 600}
  [tool <-] bash
  [tool ->] write_file  {'path': 'tests/budget-tracker-delete.spec.js', 'content': "import { test, expect } from '@playwright/test';\n\ntest('delete removes transaction from list and persists after reload', async ({ page }) => {\n  await page.goto('/');\n  await page.evaluate(() => localStorage.clear());\n  await page.reload();\n\n  await page.getByRole('navigation', { name: 'Primary' }).getByRole('link', { name: 'Add' }).click();\n  await page.getByLabel('Description').fill('Delete me');\n  await page.getByLabel('Amou...
  [tool <-] write_file
  [tool ->] bash  {'command': 'cd /d q:\\projects\\inspired-arc\\chorus\\.chorus\\work\\frontend-eng-hard-budget\\worktrees\\finn && npx playwright test', 'timeout_seconds': 600}
  [tool <-] bash
  [tool ->] bash  {'command': 'cd /d q:\\projects\\inspired-arc\\chorus\\.chorus\\work\\frontend-eng-hard-budget\\worktrees\\finn && npx playwright test > test_evidence\\e2e.txt 2>&1', 'timeout_seconds': 600}
  [tool <-] bash
  [tool ->] bash  {'command': 'cd /d q:\\projects\\inspired-arc\\chorus\\.chorus\\work\\frontend-eng-hard-budget\\worktrees\\finn && dir test_evidence && type test_evidence\\e2e.txt', 'timeout_seconds': 120}
  [tool <-] bash
  [tool ->] spawn_subagent  {'name': 'ui_tester', 'prompt': 'Re-audit now that `test_evidence/e2e.txt` exists and a delete-flow e2e was added. Check e2e coverage vs acceptance criteria (routing, validation submit enabling, persistence on reload, edit/delete, back/forward, responsive). PASS/FAIL with blocker/major/minor.'}
  [tool ->] test_evidence  {}
  [tool <-] test_evidence
  [tool ->] read_file  {'path': 'test_evidence/e2e.txt', 'limit': 2000}
  [tool <-] read_file
  [tool ->] glob  {'pattern': '**/*playwright*.{ts,js,mjs,cjs}', 'limit': 50}
  [tool <-] glob
  [tool ->] glob  {'pattern': '**/*.{spec,test}.e2e.{ts,js}', 'limit': 50}
  [tool <-] glob
  [tool ->] glob  {'pattern': '**/*.{spec,test}.{ts,js}', 'limit': 200}
  [tool <-] glob
  [tool ->] read_file  {'path': 'package.json', 'limit': 2000}
  [tool <-] read_file
  [tool ->] glob  {'pattern': 'playwright.config.*', 'limit': 20}
  [tool <-] glob
  [tool ->] read_file  {'path': 'playwright.config.js', 'limit': 2000}
  [tool <-] read_file
  [tool ->] read_file  {'path': 'tests/budget-tracker.spec.js', 'limit': 2000}
  [tool <-] read_file
  [tool ->] read_file  {'path': 'tests/budget-tracker-delete.spec.js', 'limit': 2000}
  [tool <-] read_file
  [tool <-] spawn_subagent
  [tool ->] write_file  {'path': 'tests/budget-tracker.spec.js', 'content': "import { test, expect } from '@playwright/test';\n\ntest.beforeEach(async ({ page }) => {\n  await page.goto('/');\n  await page.evaluate(() => localStorage.clear());\n  await page.reload();\n});\n\ntest('routing + add validation + persistence across reload + edit flow', async ({ page }) => {\n  await expect(page.getByRole('heading', { name: 'Dashboard' })).toBeVisible();\n\n  await page.getByRole('navigation', { name: 'Primary' }).getByRole('...
  [tool <-] write_file
  [tool ->] bash  {'command': 'cd /d q:\\projects\\inspired-arc\\chorus\\.chorus\\work\\frontend-eng-hard-budget\\worktrees\\finn && npx playwright test', 'timeout_seconds': 600}
  [tool <-] bash
  [tool ->] bash  {'command': 'cd /d q:\\projects\\inspired-arc\\chorus\\.chorus\\work\\frontend-eng-hard-budget\\worktrees\\finn && npx playwright test > test_evidence\\e2e.txt 2>&1', 'timeout_seconds': 600}
  [tool <-] bash
  [tool ->] spawn_subagent  {'name': 'ui_tester', 'prompt': 'Recheck e2e now: responsive test now covers /, /transactions, /add at phone width and desktop densification uses bounding boxes. Verify coverage matches acceptance; verify logs exist and look real. PASS/FAIL with issues.'}
  [tool ->] test_evidence  {}
  [tool <-] test_evidence
  [tool ->] read_file  {'path': 'test_evidence/e2e.txt'}
  [tool <-] read_file
  [tool ->] read_file  {'path': 'playwright.config.ts'}
  [tool <-] read_file (ERROR)
  [tool ->] glob  {'pattern': '**/*.{spec,test}.e2e.{ts,tsx,js}'}
  [tool <-] glob
  [tool ->] glob  {'pattern': '**/*.{spec,test}.{ts,tsx,js}', 'limit': 50}
  [tool <-] glob
  [tool ->] read_file  {'path': 'package.json'}
  [tool <-] read_file
  [tool ->] glob  {'pattern': 'playwright.config.*', 'limit': 20}
  [tool <-] glob
  [tool ->] read_file  {'path': 'tests/budget-tracker.spec.js'}
  [tool <-] read_file
  [tool ->] read_file  {'path': 'tests/budget-tracker-delete.spec.js'}
  [tool <-] read_file
  [tool ->] read_file  {'path': '20260705-211515-read_file-18e0fab2859c.txt'}
  [tool <-] read_file (ERROR)
  [tool ->] read_file  {'path': 'tests/budget-tracker.spec.js', 'offset': 1, 'limit': 220}
  [tool <-] read_file
  [tool ->] read_file  {'path': '20260705-211520-read_file-6748e129ab5a.txt', 'offset': 0, 'limit': 260}
  [tool <-] read_file (ERROR)
  [tool ->] read_file  {'path': 'tests/budget-tracker.spec.js', 'offset': 0, 'limit': 2000}
  [tool <-] read_file
  [tool ->] read_file  {'path': 'tests/budget-tracker.spec.js', 'offset': 0, 'limit': 140}
  [tool <-] read_file
  [tool ->] bash  {'command': 'type tests\\budget-tracker.spec.js'}
  [tool <-] bash (ERROR)
  [tool ->] read_file  {'path': 'tests/budget-tracker.spec.js', 'offset': 0, 'limit': 400}
  [tool <-] read_file
  [tool ->] read_file  {'path': 'tests/budget-tracker.spec.js', 'offset': 18, 'limit': 220}
  [tool <-] read_file
  [tool ->] read_file  {'path': 'tests/budget-tracker.spec.js', 'offset': 32, 'limit': 220}
  [tool <-] read_file
  [tool ->] read_file  {'path': 'playwright.config.js', 'offset': 0, 'limit': 200}
  [tool <-] read_file
  [tool <-] spawn_subagent
  [tool ->] spawn_subagent  {'name': 'code_reviewer', 'prompt': 'Re-review after changes: e2e evidence exists, delete e2e added, responsive e2e improved. Confirm acceptance criteria coverage, a11y, routing/persistence/back-forward, and non-hollow tests. PASS/FAIL with blocker/major/minor.'}
  [tool ->] test_evidence  {}
  [tool <-] test_evidence
  [tool ->] read_file  {'path': 'package.json'}
  [tool <-] read_file
  [tool ->] read_file  {'path': 'playwright.config.ts'}
  [tool <-] read_file (ERROR)
  [tool ->] glob  {'pattern': '**/*.spec.*'}
  [tool <-] glob
  [tool ->] glob  {'pattern': 'src/**/*', 'limit': 200}
  [tool <-] glob
  [tool ->] read_file  {'path': 'test_evidence/summary.md'}
  [tool <-] read_file
  [tool ->] read_file  {'path': 'test_evidence/e2e.txt'}
  [tool <-] read_file
  [tool ->] read_file  {'path': 'test_evidence/unit.txt'}
  [tool <-] read_file
  [tool ->] glob  {'pattern': 'playwright.config.*'}
  [tool <-] glob
  [tool ->] read_file  {'path': 'tests/budget-tracker.spec.js'}
  [tool <-] read_file
  [tool ->] read_file  {'path': 'tests/budget-tracker-delete.spec.js'}
  [tool <-] read_file
  [tool ->] read_file  {'path': 'src/main.jsx'}
  [tool <-] read_file
  [tool ->] read_file  {'path': 'src/ui/App.jsx'}
  [tool <-] read_file
  [tool ->] read_file  {'path': 'src/ui/BudgetStore.jsx'}
  [tool <-] read_file
  [tool ->] read_file  {'path': 'src/domain/transactions.js'}
  [tool <-] read_file
  [tool ->] read_file  {'path': 'src/domain/storage.js'}
  [tool <-] read_file
  [tool ->] read_file  {'path': 'src/domain/transactions.test.js'}
  [tool <-] read_file
  [tool ->] read_file  {'path': 'src/ui/styles.css', 'limit': 240}
  [tool <-] read_file
  [tool ->] read_file  {'path': 'playwright.config.js'}
  [tool <-] read_file
  [tool ->] read_file  {'path': 'tests/budget-tracker.spec.js', 'offset': 0, 'limit': 220}
  [tool <-] read_file
  [tool ->] read_file  {'path': 'tests/budget-tracker.spec.js', 'offset': 0, 'limit': 160}
  [tool <-] read_file
  [tool ->] read_file  {'path': 'tests/budget-tracker.spec.js', 'offset': 15, 'limit': 220}
  [tool <-] read_file
  [tool ->] read_file  {'path': 'tests/budget-tracker.spec.js', 'offset': 29, 'limit': 260}
  [tool <-] read_file
  [tool ->] read_file  {'path': 'src/ui/pages/TransactionsPage.jsx'}
  [tool <-] read_file
  [tool ->] read_file  {'path': 'src/ui/pages/AddTransactionPage.jsx'}
  [tool <-] read_file
  [tool ->] read_file  {'path': 'src/ui/pages/TransactionDetailPage.jsx'}
  [tool <-] read_file
  [tool ->] read_file  {'path': 'src/ui/components/TransactionForm.jsx'}
  [tool <-] read_file
  [tool ->] read_file  {'path': 'src/ui/pages/DashboardPage.jsx'}
  [tool <-] read_file
  [tool ->] read_file  {'path': 'src/domain/state.js'}
  [tool <-] read_file
  [tool ->] read_file  {'path': 'src/domain/ids.js'}
  [tool <-] read_file
  [tool ->] read_file  {'path': 'src/ui/components/CategoryBreakdown.jsx'}
  [tool <-] read_file
  [tool ->] read_file  {'path': 'src/ui/components/TransactionForm.jsx', 'offset': 0, 'limit': 260}
  [tool <-] read_file
  [tool ->] read_file  {'path': 'src/ui/components/TransactionForm.jsx', 'offset': 24, 'limit': 320}
  [tool <-] read_file
  [tool ->] read_file  {'path': 'src/ui/components/TransactionForm.jsx', 'offset': 44, 'limit': 340}
  [tool <-] read_file
  [tool ->] read_file  {'path': 'src/ui/components/TransactionForm.jsx', 'offset': 60, 'limit': 360}
  [tool <-] read_file
  [tool <-] spawn_subagent
  [tool ->] bash  {'command': 'cd /d q:\\projects\\inspired-arc\\chorus\\.chorus\\work\\frontend-eng-hard-budget\\worktrees\\finn && npm test > test_evidence\\unit.txt 2>&1', 'timeout_seconds': 600}
  [tool <-] bash
  [tool ->] test_evidence  {}
  [tool <-] test_evidence
  [tool ->] glob  {'pattern': '**/*', 'limit': 200}
  [tool <-] glob
  [tool ->] git  {'args': ['status', '--porcelain=v1']}
  [tool <-] git
  [tool ->] test_evidence  {}
  [tool <-] test_evidence (ERROR)
  [tool ->] read_file  {'path': 'package.json', 'limit': 200}
  [tool <-] read_file
  [tool ->] read_file  {'path': 'playwright.config.js', 'limit': 200}
  [tool <-] read_file
  [tool ->] read_file  {'path': 'test_evidence/summary.md', 'limit': 220}
  [tool <-] read_file
  [tool ->] read_file  {'path': 'test_evidence/unit.txt', 'limit': 60}
  [tool <-] read_file
  [tool ->] read_file  {'path': 'test_evidence/e2e.txt', 'limit': 80}
  [tool <-] read_file
  [tool ->] read_file  {'path': 'index.html', 'limit': 120}
  [tool <-] read_file
  [tool ->] read_file  {'path': 'vite.config.js', 'limit': 120}
  [tool <-] read_file
  [tool ->] read_file  {'path': 'src/main.jsx', 'limit': 200}
  [tool <-] read_file
  [tool ->] read_file  {'path': 'src/App.jsx', 'limit': 260}
  [tool <-] read_file (ERROR)
  [tool ->] read_file  {'path': 'src/domain/transactions.js', 'limit': 260}
  [tool <-] read_file
  [tool ->] glob  {'pattern': 'src/ui/**/*', 'limit': 200}
  [tool <-] glob
  [tool ->] read_file  {'path': 'src/ui/App.jsx', 'limit': 260}
  [tool <-] read_file
  [tool ->] read_file  {'path': 'src/ui/storage.js', 'limit': 220}
  [tool <-] read_file (ERROR)
  [tool ->] read_file  {'path': 'src/ui/styles.css', 'limit': 260}
  [tool <-] read_file
  [tool ->] read_file  {'path': 'src/ui/routes.jsx', 'limit': 260}
  [tool <-] read_file (ERROR)
  [tool ->] read_file  {'path': 'src/ui/BudgetStore.jsx', 'limit': 260}
  [tool <-] read_file
  [tool ->] read_file  {'path': 'src/ui/pages/DashboardPage.jsx', 'limit': 260}
  [tool <-] read_file
  [tool ->] read_file  {'path': 'src/ui/pages/TransactionsPage.jsx', 'limit': 320}
  [tool <-] read_file
  [tool ->] read_file  {'path': 'src/ui/pages/AddTransactionPage.jsx', 'limit': 260}
  [tool <-] read_file
  [tool ->] read_file  {'path': 'src/ui/pages/TransactionDetailPage.jsx', 'limit': 340}
  [tool <-] read_file
  [tool ->] read_file  {'path': 'src/ui/components/TransactionForm.jsx', 'limit': 360}
  [tool <-] read_file
  [tool ->] read_file  {'path': 'src/domain/state.js', 'limit': 260}
  [tool <-] read_file
  [tool ->] read_file  {'path': 'src/domain/categories.js', 'limit': 120}
  [tool <-] read_file
  [tool ->] read_file  {'path': 'src/domain/transactions.test.js', 'limit': 240}
  [tool <-] read_file
  [tool ->] read_file  {'path': 'tests/budget-tracker.spec.js', 'limit': 220}
  [tool <-] read_file
  [tool ->] read_file  {'path': 'tests/budget-tracker-delete.spec.js', 'limit': 200}
  [tool <-] read_file
  [tool ->] grep  {'pattern': 'aria-describedby|aria-invalid|role="alert"|role="status"', 'path': 'src/ui/components/TransactionForm.jsx', 'case_sensitive': False, 'limit': 50}
  [tool <-] grep
  [tool ->] grep  {'pattern': 'localStorage|saveTransactions|loadTransactions', 'path': 'src/domain', 'case_sensitive': False, 'limit': 50}
  [tool <-] grep
  [tool ->] read_file  {'path': 'src/domain/storage.js', 'limit': 220}
  [tool <-] read_file
  [tool ->] grep  {'pattern': '@media|grid-template-columns|cols-2|cols-3|min-width', 'path': 'src/ui/styles.css', 'case_sensitive': False, 'limit': 80}
  [tool <-] grep
  [EVALUATED] {'sprint_number': 1, 'outcome': 'pass', 'score': 1.0, 'notes': 'All acceptance criteria are implemented: routed SPA with deep links + back/forward, localStorage persistence, dashboard totals/breakdown, searchable/filterable list, add/edit/delete with accessible validation + disabled submit, responsive layouts, and green unit + Playwright e2e evidence.'}
== beat done ==

[verdict] dod_floor=pass
[verdict] unit_reverify_exit=0
[verdict] e2e_reverify_exit=0
[verdict] truly_passed=True