intent: Build a small storefront that works as one continuous experience across three connected views: a browsable list of products, a single product's detail page, and a cart. From the list a person can open any product to see its details and add it to the cart; from a product's details they can return to browsing; and from anywhere they can open the cart to change item quantities or remove items. A running count of items in the cart and the current total are visible at all times and stay correct as things are added, changed, and removed while moving between the different views. Navigating the storefront must feel like a real app: a person can use the browser's back and forward buttons to retrace their steps, opening a link to a specific product or the cart directly lands on the right view, and whatever is in the cart survives all of that moving around.

  [tool ->] skill  {'name': 'choosing-a-frontend-stack'}
  [tool <-] skill
  [tool ->] skill  {'name': 'spec-to-working-app'}
  [tool <-] skill
  [tool ->] git  {'args': ['status', '--porcelain']}
  [tool <-] git
  [tool ->] bash  {'command': 'dir', 'timeout_seconds': 120}
  [tool <-] bash
  [tool ->] bash  {'command': 'dir docs && if exist package.json (type package.json) else (echo no package.json)', 'timeout_seconds': 120}
  [tool <-] bash
  [tool ->] bash  {'command': 'npm create vite@latest shop -- --template react-ts', 'timeout_seconds': 600}
  [tool <-] bash (ERROR)
  [tool ->] bash  {'command': 'npm create vite@latest shop -- --template react-ts --yes', 'timeout_seconds': 600}
  [tool <-] bash
  [tool ->] bash  {'command': 'cd shop && npm install', 'timeout_seconds': 600}
  [tool <-] bash
  [tool ->] bash  {'command': 'cd shop && npm install -D @playwright/test && npx playwright --version', 'timeout_seconds': 600}
  [tool <-] bash
  [tool ->] bash  {'command': 'cd shop && npm install -D vitest @testing-library/react @testing-library/jest-dom jsdom', 'timeout_seconds': 600}
  [tool <-] bash
  [tool ->] bash  {'command': 'cd shop && type package.json', 'timeout_seconds': 120}
  [tool <-] bash
  [tool ->] bash  {'command': 'cd shop && npm install react-router-dom', 'timeout_seconds': 600}
  [tool <-] bash
  [tool ->] write_file  {'path': 'shop/vitest.config.ts', 'content': "import { defineConfig } from 'vitest/config';\n\nexport default defineConfig({\n  test: {\n    environment: 'jsdom',\n    setupFiles: ['./src/test/setup.ts'],\n  },\n});\n"}
  [tool <-] write_file
  [tool ->] write_file  {'path': 'shop/src/test/setup.ts', 'content': "import '@testing-library/jest-dom/vitest';\n"}
  [tool <-] write_file
  [tool ->] bash  {'command': 'cd shop && node -e "const fs=require(\'fs\');const p=\'package.json\';const j=JSON.parse(fs.readFileSync(p,\'utf8\'));j.scripts.test=\'vitest run\';j.scripts[\'test:watch\']=\'vitest\';j.scripts.e2e=\'playwright test\';fs.writeFileSync(p,JSON.stringify(j,null,2));"', 'timeout_seconds': 120}
  [tool <-] bash
  [tool ->] bash  {'command': 'cd shop && mkdir src\\data src\\cart src\\routes tests test_evidence', 'timeout_seconds': 120}
  [tool <-] bash
  [tool ->] write_file  {'path': 'shop/src/data/products.ts', 'content': "export type Product = {\n  id: string;\n  name: string;\n  description: string;\n  priceCents: number;\n};\n\nexport const PRODUCTS: Product[] = [\n  {\n    id: 'p1',\n    name: 'Arc Mug',\n    description: 'Stoneware mug, 12oz. Dishwasher safe.',\n    priceCents: 1599,\n  },\n  {\n    id: 'p2',\n    name: 'Chorus Tee',\n    description: 'Unisex cotton tee. True to size.',\n    priceCents: 2499,\n  },\n  {\n    id: 'p3',\n    name: 'Field Noteboo...
  [tool <-] write_file
  [tool ->] write_file  {'path': 'shop/src/cart/cart.ts', 'content': "import type { Product } from '../data/products';\n\nexport type CartLine = {\n  productId: string;\n  quantity: number;\n};\n\nexport type CartState = {\n  lines: CartLine[];\n};\n\nexport type AddToCartAction = {\n  type: 'add';\n  productId: string;\n  quantity?: number;\n};\n\nexport type RemoveFromCartAction = {\n  type: 'remove';\n  productId: string;\n};\n\nexport type SetQuantityAction = {\n  type: 'setQuantity';\n  productId: string;\n  quant...
  [tool <-] write_file
  [tool ->] write_file  {'path': 'shop/src/cart/CartProvider.tsx', 'content': "import React, { createContext, useContext, useEffect, useMemo, useReducer } from 'react';\nimport {\n  cartReducer,\n  createEmptyCart,\n  loadCartFromStorage,\n  saveCartToStorage,\n  type CartAction,\n  type CartState,\n} from './cart';\n\ntype CartContextValue = {\n  state: CartState;\n  dispatch: React.Dispatch<CartAction>;\n};\n\nconst CartContext = createContext<CartContextValue | null>(null);\n\nexport function CartProvider({ children...
  [tool <-] write_file
  [tool ->] write_file  {'path': 'shop/src/routes/ProductList.tsx', 'content': 'import { Link } from \'react-router-dom\';\nimport { PRODUCTS } from \'../data/products\';\nimport { formatMoneyFromCents } from \'../cart/cart\';\n\nexport function ProductList() {\n  return (\n    <main aria-labelledby="page-title">\n      <h1 id="page-title">Products</h1>\n      <ul style={{ listStyle: \'none\', padding: 0, margin: 0, display: \'grid\', gap: 12 }}>\n        {PRODUCTS.map((p) => (\n          <li\n            key={p.id}\n ...
  [tool <-] write_file
  [tool ->] write_file  {'path': 'shop/src/routes/ProductDetail.tsx', 'content': 'import { Link, useParams } from \'react-router-dom\';\nimport { getProductById, PRODUCTS } from \'../data/products\';\nimport { formatMoneyFromCents, getCartItemCount, getCartTotalCents } from \'../cart/cart\';\nimport { useCart } from \'../cart/CartProvider\';\n\nexport function ProductDetail() {\n  const { id } = useParams();\n  const product = id ? getProductById(id) : undefined;\n  const { state, dispatch } = useCart();\n\n  if (!prod...
  [tool <-] write_file
  [tool ->] write_file  {'path': 'shop/src/routes/CartView.tsx', 'content': 'import { Link } from \'react-router-dom\';\nimport { PRODUCTS } from \'../data/products\';\nimport {\n  formatMoneyFromCents,\n  getCartItemCount,\n  getCartTotalCents,\n  type CartLine,\n} from \'../cart/cart\';\nimport { useCart } from \'../cart/CartProvider\';\n\nfunction getProductName(productId: string): string {\n  return PRODUCTS.find((p) => p.id === productId)?.name ?? productId;\n}\n\nfunction getProductPriceCents(productId: string): ...
  [tool <-] write_file
  [tool ->] write_file  {'path': 'shop/src/App.tsx', 'content': 'import { Link, NavLink, Route, Routes } from \'react-router-dom\';\nimport { CartProvider, useCart } from \'./cart/CartProvider\';\nimport { PRODUCTS } from \'./data/products\';\nimport { formatMoneyFromCents, getCartItemCount, getCartTotalCents } from \'./cart/cart\';\nimport { ProductList } from \'./routes/ProductList\';\nimport { ProductDetail } from \'./routes/ProductDetail\';\nimport { CartView } from \'./routes/CartView\';\n\nexport default function...
  [tool <-] write_file
  [tool ->] write_file  {'path': 'shop/src/main.tsx', 'content': "import React from 'react';\nimport ReactDOM from 'react-dom/client';\nimport { BrowserRouter } from 'react-router-dom';\nimport App from './App';\nimport './index.css';\n\nReactDOM.createRoot(document.getElementById('root')!).render(\n  <React.StrictMode>\n    <BrowserRouter>\n      <App />\n    </BrowserRouter>\n  </React.StrictMode>,\n);\n"}
  [tool <-] write_file
  [tool ->] write_file  {'path': 'shop/src/index.css', 'content': ":root {\n  color-scheme: light;\n  --bg: #0b1020;\n  --text: #f8fafc;\n  --muted: #cbd5e1;\n  --panel: #111a33;\n  --border: #2a375c;\n  --link: #93c5fd;\n  --focus: #fbbf24;\n}\n\nhtml,\nbody {\n  height: 100%;\n}\n\nbody {\n  margin: 0;\n  font-family: system-ui, -apple-system, Segoe UI, Roboto, Arial, sans-serif;\n  background: var(--bg);\n  color: var(--text);\n}\n\na {\n  color: var(--link);\n}\n\na:focus-visible,\nbutton:focus-visible,\ninput:focu...
  [tool <-] write_file
  [tool ->] write_file  {'path': 'shop/index.html', 'content': '<!doctype html>\n<html lang="en">\n  <head>\n    <meta charset="UTF-8" />\n    <meta name="viewport" content="width=device-width, initial-scale=1.0" />\n    <title>Run Shop</title>\n  </head>\n  <body>\n    <div id="root"></div>\n    <script type="module" src="/src/main.tsx"></script>\n  </body>\n</html>\n'}
  [tool <-] write_file
  [tool ->] write_file  {'path': 'shop/src/cart/cart.test.ts', 'content': "import { describe, expect, it } from 'vitest';\nimport {\n  cartReducer,\n  createEmptyCart,\n  formatMoneyFromCents,\n  getCartItemCount,\n  getCartTotalCents,\n  loadCartFromStorage,\n  saveCartToStorage,\n} from './cart';\nimport type { Product } from '../data/products';\n\nconst PRODUCTS: Product[] = [\n  { id: 'a', name: 'A', description: '', priceCents: 500 },\n  { id: 'b', name: 'B', description: '', priceCents: 250 },\n];\n\ndescribe('ca...
  [tool <-] write_file
  [tool ->] write_file  {'path': 'shop/playwright.config.ts', 'content': "import { defineConfig, devices } from '@playwright/test';\n\nexport default defineConfig({\n  testDir: './tests',\n  use: {\n    baseURL: 'http://127.0.0.1:4173',\n    trace: 'on-first-retry',\n  },\n  webServer: {\n    command: 'npm run build && npm run preview -- --host 127.0.0.1 --port 4173',\n    url: 'http://127.0.0.1:4173',\n    reuseExistingServer: !process.env.CI,\n    timeout: 120_000,\n  },\n  projects: [\n    {\n      name: 'chromium',...
  [tool <-] write_file
  [tool ->] write_file  {'path': 'shop/tests/storefront.spec.ts', 'content': "import { expect, test } from '@playwright/test';\n\ntest('storefront routing + cart correctness + back/forward + deep links', async ({ page }) => {\n  // Deep link into a product detail page first.\n  await page.goto('/product/p2');\n  await expect(page.getByRole('heading', { name: 'Chorus Tee' })).toBeVisible();\n\n  const cartSummary = page.getByLabel('Cart summary');\n  await expect(cartSummary.getByLabel('Cart items')).toHaveText('0');\n ...
  [tool <-] write_file
  [tool ->] bash  {'command': 'cd shop && npm test', 'timeout_seconds': 600}
  [tool <-] bash (ERROR)
  [tool ->] bash  {'command': 'cd shop && node -e "const fs=require(\'fs\');const p=\'package.json\';const j=JSON.parse(fs.readFileSync(p,\'utf8\'));j.scripts.test=\'vitest run src\';fs.writeFileSync(p,JSON.stringify(j,null,2));"', 'timeout_seconds': 120}
  [tool <-] bash
  [tool ->] write_file  {'path': 'shop/src/cart/cart.test.ts', 'content': "import { describe, expect, it } from 'vitest';\nimport {\n  cartReducer,\n  createEmptyCart,\n  formatMoneyFromCents,\n  getCartItemCount,\n  getCartTotalCents,\n  loadCartFromStorage,\n  saveCartToStorage,\n} from './cart';\nimport type { Product } from '../data/products';\n\nconst PRODUCTS: Product[] = [\n  { id: 'a', name: 'A', description: '', priceCents: 500 },\n  { id: 'b', name: 'B', description: '', priceCents: 250 },\n];\n\ndescribe('ca...
  [tool <-] write_file
  [tool ->] bash  {'command': 'cd shop && npm test', 'timeout_seconds': 600}
  [tool <-] bash (ERROR)
  [tool ->] bash  {'command': 'cd shop && node -p "require(\'vitest/package.json\').version"', 'timeout_seconds': 120}
  [tool <-] bash
  [tool ->] bash  {'command': 'cd shop && type vitest.config.ts', 'timeout_seconds': 120}
  [tool <-] bash
  [tool ->] bash  {'command': 'cd shop && npx vitest run src/cart/cart.test.ts --reporter verbose', 'timeout_seconds': 600}
  [tool <-] bash (ERROR)
  [tool ->] bash  {'command': 'cd shop && nl -ba src/cart/cart.test.ts | sed -n "1,40p"', 'timeout_seconds': 120}
  [tool <-] bash (ERROR)
  [tool ->] bash  {'command': 'cd shop && node -e "const fs=require(\'fs\');const s=fs.readFileSync(\'src/cart/cart.test.ts\',\'utf8\').split(/\\r?\\n/);for(let i=0;i<40;i++){console.log(String(i+1).padStart(3,\' \')+\': \'+s[i]);}"', 'timeout_seconds': 120}
  [tool <-] bash
  [tool ->] bash  {'command': 'cd shop && node -e "import(\'vitest\').then(m=>console.log(Object.keys(m))).catch(e=>{console.error(e);process.exit(1);})"', 'timeout_seconds': 120}
  [tool <-] bash
  [tool ->] bash  {'command': 'cd shop && npx vitest run --no-threads src/cart/cart.test.ts', 'timeout_seconds': 600}
  [tool <-] bash (ERROR)
  [tool ->] bash  {'command': 'cd shop && npx vitest run --help | findstr /I pool', 'timeout_seconds': 120}
  [tool <-] bash
  [tool ->] bash  {'command': 'cd shop && npx vitest run --pool vm src/cart/cart.test.ts', 'timeout_seconds': 600}
  [tool <-] bash (ERROR)
  [tool ->] bash  {'command': 'cd shop && node -e "const fs=require(\'fs\');const p=\'package.json\';const j=JSON.parse(fs.readFileSync(p,\'utf8\'));delete j.devDependencies.vitest;fs.writeFileSync(p,JSON.stringify(j,null,2));" && cd shop && npm install -D vitest@2.5.0', 'timeout_seconds': 600}
  [tool <-] bash (ERROR)
  [tool ->] bash  {'command': 'cd shop && node -e "const fs=require(\'fs\');const p=\'package.json\';const j=JSON.parse(fs.readFileSync(p,\'utf8\'));j.devDependencies.vitest=\'^2.5.0\';fs.writeFileSync(p,JSON.stringify(j,null,2));" && cd shop && npm install', 'timeout_seconds': 600}
  [tool <-] bash (ERROR)
  [tool ->] bash  {'command': 'cd shop && node -e "const fs=require(\'fs\');const p=\'package.json\';const j=JSON.parse(fs.readFileSync(p,\'utf8\'));j.devDependencies.vitest=\'^2.5.0\';fs.writeFileSync(p,JSON.stringify(j,null,2));" && npm install', 'timeout_seconds': 600}
  [tool <-] bash (ERROR)
  [tool ->] bash  {'command': 'cd shop && npm view vitest versions --json | node -e "const v=JSON.parse(require(\'fs\').readFileSync(0,\'utf8\')); console.log(v.slice(-20).join(\'\\n\'));"', 'timeout_seconds': 600}
  [tool <-] bash
  [tool ->] bash  {'command': 'cd shop && node -e "import(\'vitest\').then(async m=>{try{console.log(\'calling describe\');m.describe(\'x\',()=>{m.it(\'y\',()=>{});});console.log(\'ok\');}catch(e){console.error(\'caught\',e);process.exit(1)}})"', 'timeout_seconds': 120}
  [tool <-] bash (ERROR)
  [tool ->] bash  {'command': 'cd shop && node -e "const fs=require(\'fs\');const p=\'package.json\';const j=JSON.parse(fs.readFileSync(p,\'utf8\'));delete j.devDependencies.vitest;fs.writeFileSync(p,JSON.stringify(j,null,2));" && npm install -D vitest@3.2.4', 'timeout_seconds': 600}
  [tool <-] bash
  [tool ->] bash  {'command': 'cd shop && npm test', 'timeout_seconds': 600}
  [tool <-] bash
  [tool ->] bash  {'command': 'cd shop && npx playwright test', 'timeout_seconds': 600}
  [tool <-] bash (ERROR)
  [tool ->] write_file  {'path': 'shop/tests/storefront.spec.ts', 'content': "import { expect, test } from '@playwright/test';\n\ntest('storefront routing + cart correctness + back/forward + deep links', async ({ page }) => {\n  // Deep link into a product detail page first.\n  await page.goto('/product/p2');\n  await expect(page.getByRole('heading', { name: 'Chorus Tee' })).toBeVisible();\n\n  const cartSummary = page.getByLabel('Cart summary');\n  await expect(cartSummary.getByLabel('Cart items')).toHaveText('0');\n ...
  [tool <-] write_file
  [tool ->] bash  {'command': 'cd shop && npx playwright test', 'timeout_seconds': 600}
  [tool <-] bash
  [tool ->] bash  {'command': 'cd shop && mkdir test_evidence', 'timeout_seconds': 120}
  [tool <-] bash (ERROR)
  [tool ->] write_file  {'path': 'shop/test_evidence/summary.md', 'content': '# run-shop storefront SPA — summary\n\n## Stack choice + rationale\n\n**Chosen stack:** React + TypeScript + Vite, with **React Router** for client-side routing; Vitest for unit tests; Playwright for end-to-end.\n\n**Why this stack fits:** the goal requires a real three-view SPA with stable routes (`/`, `/product/:id`, `/cart`), browser back/forward history, and **persistent shared cart state** that must survive navigation. A component framew...
  [tool <-] write_file
  [tool ->] bash  {'command': 'cd shop && npm test > test_evidence\\unit.txt 2>&1', 'timeout_seconds': 600}
  [tool <-] bash
  [tool ->] bash  {'command': 'cd shop && npx playwright test > test_evidence\\e2e.txt 2>&1', 'timeout_seconds': 600}
  [tool <-] bash
  [tool ->] spawn_subagent  {'name': 'code_reviewer', 'prompt': 'Review the shop SPA implementation for acceptance criteria fit, routing, persistent cart summary/state, maintainability, and whether unit + e2e tests genuinely prove behavior. Report PASS/FAIL with blocker/major/minor issues.'}
  [tool ->] test_evidence  {}
  [tool <-] test_evidence
  [tool ->] bash  {'command': 'dir'}
  [tool <-] bash (ERROR)
  [tool ->] read_file  {'path': '.'}
  [tool <-] read_file (ERROR)
  [tool <-] spawn_subagent
  [tool ->] spawn_subagent  {'name': 'ui_tester', 'prompt': 'Audit Playwright e2e: does it drive real UI, cover list→detail→add→cart→edit qty/remove, deep links, back/forward, and assert user-visible cart summary correctness? Report PASS/FAIL with blocker/major/minor issues.'}
  [tool ->] test_evidence  {}
  [tool <-] test_evidence
  [tool <-] spawn_subagent
  [tool ->] bash  {'command': 'dir && dir shop', 'timeout_seconds': 120}
  [tool <-] bash
  [tool ->] bash  {'command': 'copy shop\\package.json package.json /Y && copy shop\\package-lock.json package-lock.json /Y && copy shop\\playwright.config.ts playwright.config.ts /Y', 'timeout_seconds': 120}
  [tool <-] bash
  [tool ->] bash  {'command': 'if not exist tests mkdir tests && xcopy shop\\tests tests /E /I /Y', 'timeout_seconds': 120}
  [tool <-] bash
  [tool ->] bash  {'command': 'if not exist src mkdir src && xcopy shop\\src src /E /I /Y', 'timeout_seconds': 120}
  [tool <-] bash
  [tool ->] bash  {'command': 'copy shop\\index.html index.html /Y && copy shop\\vite.config.ts vite.config.ts /Y && copy shop\\tsconfig.json tsconfig.json /Y && copy shop\\tsconfig.app.json tsconfig.app.json /Y && copy shop\\tsconfig.node.json tsconfig.node.json /Y && copy shop\\vitest.config.ts vitest.config.ts /Y', 'timeout_seconds': 120}
  [tool <-] bash
  [tool ->] bash  {'command': 'if not exist test_evidence mkdir test_evidence && copy shop\\test_evidence\\summary.md test_evidence\\summary.md /Y && copy shop\\test_evidence\\unit.txt test_evidence\\unit.txt /Y && copy shop\\test_evidence\\e2e.txt test_evidence\\e2e.txt /Y', 'timeout_seconds': 120}
  [tool <-] bash
  [tool ->] bash  {'command': 'npm install', 'timeout_seconds': 600}
  [tool <-] bash
  [tool ->] bash  {'command': 'npm test', 'timeout_seconds': 600}
  [tool <-] bash
  [tool ->] bash  {'command': 'rmdir /S /Q shop', 'timeout_seconds': 600}
  [tool <-] bash
  [tool ->] bash  {'command': 'npm test', 'timeout_seconds': 600}
  [tool <-] bash
  [tool ->] bash  {'command': 'npx playwright test', 'timeout_seconds': 600}
  [tool <-] bash
  [tool ->] bash  {'command': 'npm test > test_evidence\\unit.txt 2>&1', 'timeout_seconds': 600}
  [tool <-] bash
  [tool ->] bash  {'command': 'npx playwright test > test_evidence\\e2e.txt 2>&1', 'timeout_seconds': 600}
  [tool <-] bash
  [tool ->] spawn_subagent  {'name': 'code_reviewer', 'prompt': 'Re-review now that project is at repo root. Verify acceptance criteria, routing, cart persistence, a11y basics, and test quality. PASS/FAIL with blocker/major/minor.'}
  [tool ->] test_evidence  {}
  [tool <-] test_evidence
  [tool ->] read_file  {'path': 'package.json'}
  [tool <-] read_file
  [tool ->] read_file  {'path': 'playwright.config.ts'}
  [tool <-] read_file
  [tool ->] read_file  {'path': 'test_evidence/summary.md'}
  [tool <-] read_file
  [tool ->] read_file  {'path': 'test_evidence/unit.txt'}
  [tool <-] read_file
  [tool ->] read_file  {'path': 'test_evidence/e2e.txt'}
  [tool <-] read_file
  [tool ->] read_file  {'path': 'src/main.tsx'}
  [tool <-] read_file
  [tool ->] read_file  {'path': 'src/App.tsx'}
  [tool <-] read_file
  [tool ->] read_file  {'path': 'src/cart/cart.ts'}
  [tool <-] read_file
  [tool ->] read_file  {'path': 'src/cart/CartProvider.tsx'}
  [tool <-] read_file
  [tool ->] read_file  {'path': 'tests/storefront.spec.ts'}
  [tool <-] read_file
  [tool ->] read_file  {'path': 'src/cart/cart.test.ts'}
  [tool <-] read_file
  [tool ->] read_file  {'path': 'src/routes/CartView.tsx'}
  [tool <-] read_file
  [tool ->] read_file  {'path': '20260705-124551-read_file-47b347c38840.txt'}
  [tool <-] read_file (ERROR)
  [tool ->] read_file  {'path': 'src/routes/CartView.tsx', 'limit': 250}
  [tool <-] read_file
  [tool ->] read_file  {'path': 'src/routes/CartView.tsx', 'offset': 18, 'limit': 220}
  [tool <-] read_file
  [tool ->] read_file  {'path': 'src/cart/cart.ts', 'limit': 260}
  [tool <-] read_file
  [tool ->] read_file  {'path': 'src/cart/cart.ts', 'offset': 31, 'limit': 260}
  [tool <-] read_file
  [tool ->] read_file  {'path': 'src/cart/cart.ts', 'offset': 40, 'limit': 260}
  [tool <-] read_file
  [tool ->] read_file  {'path': 'src/cart/cart.ts', 'offset': 60, 'limit': 260}
  [tool <-] read_file
  [tool ->] read_file  {'path': 'src/routes/ProductList.tsx', 'limit': 260}
  [tool <-] read_file
  [tool ->] read_file  {'path': 'src/routes/ProductDetail.tsx', 'limit': 260}
  [tool <-] read_file
  [tool ->] read_file  {'path': 'src/index.css', 'limit': 260}
  [tool <-] read_file
  [tool ->] read_file  {'path': 'src/data/products.ts', 'limit': 260}
  [tool <-] read_file
  [tool <-] spawn_subagent
  [tool ->] spawn_subagent  {'name': 'ui_tester', 'prompt': 'Re-audit Playwright e2e + captured evidence files at repo root. Confirm e2e drives real UI and asserts cart summary correctness incl back/forward and deep links. PASS/FAIL with issues.'}
  [tool ->] test_evidence  {}
  [tool <-] test_evidence
  [tool ->] read_file  {'path': 'test_evidence/e2e.txt'}
  [tool <-] read_file
  [tool ->] read_file  {'path': 'playwright.config.ts'}
  [tool <-] read_file
  [tool ->] read_file  {'path': 'package.json'}
  [tool <-] read_file
  [tool ->] read_file  {'path': 'test_evidence/summary.md'}
  [tool <-] read_file
  [tool ->] read_file  {'path': 'tests/storefront.spec.ts'}
  [tool <-] read_file
  [tool <-] spawn_subagent
  [tool ->] write_file  {'path': 'tests/storefront.spec.ts', 'content': "import { expect, test } from '@playwright/test';\n\ntest('storefront routing + cart correctness + back/forward + deep links', async ({ page }) => {\n  // Deep link into a product detail page first.\n  await page.goto('/product/p2');\n  await expect(page.getByRole('heading', { name: 'Chorus Tee' })).toBeVisible();\n\n  const cartSummary = page.getByLabel('Cart summary');\n  await expect(cartSummary.getByLabel('Cart items')).toHaveText('0');\n  awai...
  [tool <-] write_file
  [tool ->] bash  {'command': 'npx playwright test', 'timeout_seconds': 600}
  [tool <-] bash
  [tool ->] bash  {'command': 'npx playwright test > test_evidence\\e2e.txt 2>&1', 'timeout_seconds': 600}
  [tool <-] bash
  [tool ->] bash  {'command': 'npm test > test_evidence\\unit.txt 2>&1', 'timeout_seconds': 600}
  [tool <-] bash
  [tool ->] spawn_subagent  {'name': 'ui_tester', 'prompt': 'Re-audit Playwright e2e after updates. Confirm cart summary correctness asserted after add/edit/remove, back/forward, and cold-start deep link to /cart with persisted cart. PASS/FAIL with issues.'}
  [tool ->] test_evidence  {}
  [tool <-] test_evidence
  [tool ->] read_file  {'path': 'test_evidence/e2e.txt'}
  [tool <-] read_file
  [tool ->] read_file  {'path': 'package.json'}
  [tool <-] read_file
  [tool ->] read_file  {'path': 'playwright.config.js'}
  [tool <-] read_file (ERROR)
  [tool ->] bash  {'command': 'dir /s /b *.spec.* tests e2e playwright', 'timeout_seconds': 120}
  [tool <-] bash (ERROR)
  [tool ->] bash  {'command': 'dir /b playwright.config.*', 'timeout_seconds': 120}
  [tool <-] bash (ERROR)
  [tool ->] bash  {'command': 'dir /s /b tests\\*.spec.*', 'timeout_seconds': 120}
  [tool <-] bash (ERROR)
  [tool ->] read_file  {'path': 'playwright.config.ts'}
  [tool <-] read_file
  [tool ->] read_file  {'path': 'tests/storefront.spec.ts', 'limit': 220}
  [tool <-] read_file
  [tool ->] read_file  {'path': '20260705-124727-read_file-b120ee47f66f.txt', 'limit': 260}
  [tool <-] read_file (ERROR)
  [tool ->] read_file  {'path': 'tests/storefront.spec.ts', 'offset': 0, 'limit': 2200}
  [tool <-] read_file
  [tool ->] read_file  {'path': 'tests/storefront.spec.ts', 'offset': 0, 'limit': 120}
  [tool <-] read_file
  [tool ->] read_file  {'path': 'tests/storefront.spec.ts', 'offset': 10, 'limit': 220}
  [tool <-] read_file
  [tool <-] spawn_subagent
  [tool ->] write_file  {'path': 'tests/storefront.spec.ts', 'content': "import { expect, test } from '@playwright/test';\n\ntest('storefront routing + cart correctness + back/forward + deep links', async ({ page }) => {\n  // Deep link into a product detail page first.\n  await page.goto('/product/p2');\n  await expect(page.getByRole('heading', { name: 'Chorus Tee' })).toBeVisible();\n\n  const cartSummary = page.getByLabel('Cart summary');\n  await expect(cartSummary.getByLabel('Cart items')).toHaveText('0');\n  awai...
  [tool <-] write_file
  [tool ->] bash  {'command': 'npx playwright test', 'timeout_seconds': 600}
  [tool <-] bash
  [tool ->] bash  {'command': 'npx playwright test > test_evidence\\e2e.txt 2>&1', 'timeout_seconds': 600}
  [tool <-] bash
  [tool ->] bash  {'command': 'npm test > test_evidence\\unit.txt 2>&1', 'timeout_seconds': 600}
  [tool <-] bash
  [tool ->] spawn_subagent  {'name': 'ui_tester', 'prompt': 'Final audit: confirm updated e2e now asserts exact totals after second add and across back/forward and /cart deep link; confirm captured e2e log shows green.'}
  [tool ->] test_evidence  {}
  [tool <-] test_evidence
  [tool ->] read_file  {'path': 'test_evidence/e2e.txt'}
  [tool <-] read_file
  [tool ->] read_file  {'path': 'playwright.config.ts'}
  [tool <-] read_file
  [tool ->] read_file  {'path': 'package.json'}
  [tool <-] read_file
  [tool ->] bash  {'command': 'dir /s /b tests e2e playwright', 'timeout_seconds': 120}
  [tool <-] bash (ERROR)
  [tool ->] read_file  {'path': 'tests/storefront.spec.ts', 'limit': 2000}
  [tool <-] read_file
  [tool ->] read_file  {'path': 'tests/storefront.spec.ts', 'offset': 0, 'limit': 220}
  [tool <-] read_file
  [tool ->] read_file  {'path': 'tests/storefront.spec.ts', 'offset': 10, 'limit': 260}
  [tool <-] read_file
  [tool <-] spawn_subagent
  [tool ->] test_evidence  {}
  [tool <-] test_evidence
  [tool ->] git  {'args': ['diff', '--name-only']}
  [tool <-] git
  [tool ->] read_file  {'path': 'package.json'}
  [tool <-] read_file
  [tool ->] read_file  {'path': 'test_evidence/summary.md'}
  [tool <-] read_file
  [tool ->] read_file  {'path': 'playwright.config.js'}
  [tool <-] read_file (ERROR)
  [tool ->] bash  {'command': 'dir /s /b src tests e2e playwright test_evidence 2>nul', 'timeout_seconds': 120}
  [tool <-] bash (ERROR)
  [tool ->] read_file  {'path': 'playwright.config.ts'}
  [tool <-] read_file
  [tool ->] read_file  {'path': 'vite.config.ts'}
  [tool <-] read_file
  [tool ->] read_file  {'path': 'src/main.tsx'}
  [tool <-] read_file
  [tool ->] read_file  {'path': 'src/App.tsx'}
  [tool <-] read_file
  [tool ->] read_file  {'path': 'src/cart/cart.ts'}
  [tool <-] read_file
  [tool ->] read_file  {'path': 'src/routes/ProductList.tsx'}
  [tool <-] read_file
  [tool ->] read_file  {'path': 'src/routes/ProductDetail.tsx'}
  [tool <-] read_file
  [tool ->] read_file  {'path': 'src/routes/CartView.tsx'}
  [tool <-] read_file
  [tool ->] read_file  {'path': 'src/cart/CartProvider.tsx'}
  [tool <-] read_file
  [tool ->] read_file  {'path': 'tests/storefront.spec.ts'}
  [tool <-] read_file
  [tool ->] read_file  {'path': '20260705-124901-read_file-94c9e4e1f801.txt'}
  [tool <-] read_file (ERROR)
  [tool ->] read_file  {'path': '20260705-124901-read_file-6e2f418229d6.txt'}
  [tool <-] read_file (ERROR)
  [tool ->] read_file  {'path': '20260705-124858-read_file-63a564d5ac5d.txt'}
  [tool <-] read_file (ERROR)
  [tool ->] read_file  {'path': 'src/routes/CartView.tsx', 'limit': 2000}
  [tool <-] read_file
  [tool ->] read_file  {'path': 'tests/storefront.spec.ts', 'limit': 2000}
  [tool <-] read_file
  [tool ->] read_file  {'path': 'src/cart/cart.ts', 'limit': 2000}
  [tool <-] read_file
  [tool ->] read_file  {'path': 'src/data/products.ts', 'limit': 2000}
  [tool <-] read_file
  [tool ->] read_file  {'path': 'src/index.css', 'limit': 2000}
  [tool <-] read_file
  [tool ->] read_file  {'path': 'src/cart/cart.test.ts', 'limit': 2000}
  [tool <-] read_file
  [tool ->] read_file  {'path': 'test_evidence/unit.txt', 'limit': 200}
  [tool <-] read_file
  [tool ->] read_file  {'path': 'test_evidence/e2e.txt', 'limit': 200}
  [tool <-] read_file
  [EVALUATED] {'sprint_number': 1, 'outcome': 'pass', 'score': 1.0, 'notes': 'Three-view React Router SPA with persistent shared cart + always-visible summary; unit tests and Playwright e2e (including deep links and back/forward) are present with passing captured evidence.'}
== beat done ==

[verdict] dod_floor=pass
[verdict] unit_reverify_exit=0
[verdict] e2e_reverify_exit=0
[verdict] truly_passed=True